Waf: Entering directory `/home/robert/ardupilot/build/ARK_FPV'
Checking for env.py
env added USE_ALT_RAM_MAP=1
env added ENABLE_DFU_BOOT=1
env added WITH_FATFS=1
env added PROCESS_STACK=0x1C00
env added MAIN_STACK=0x600
env added IOMCU_FW=0
env added PERIPH_FW=0
env added HAL_NUM_CAN_IFACES=1
env added HAL_CANFD_SUPPORTED=4
env added BOARD_FLASH_SIZE=2048
env added EXT_FLASH_SIZE_MB=0
env added INT_FLASH_PRIMARY=False
env added ENABLE_CRASHDUMP=True
env appended CPU_FLAGS=['-mcpu=cortex-m7', '-mfpu=fpv5-d16', '-mfloat-abi=hard', '-DARM_MATH_CM7', '-u_printf_float']
env added CORTEX=cortex-m7
env added APJ_BOARD_ID=59
env added APJ_BOARD_TYPE=STM32H743xx
env added USBID=0x1209/0x5740
env added FLASH_RESERVE_START_KB=128
env added EXT_FLASH_RESERVE_START_KB=0
env added FLASH_TOTAL=1703936
env added HAS_EXTERNAL_FLASH_SECTIONS=0
env added CHIBIOS_BUILD_FLAGS=USE_FATFS=yes CHIBIOS_STARTUP_MK=os/common/startup/ARMCMx/compilers/GCC/mk/startup_stm32h7xx.mk CHIBIOS_PLATFORM_MK=os/hal/ports/STM32/STM32H7xx/platform.mk MCU=cortex-m7 ENV_UDEFS=-DCHPRINTF_USE_FLOAT=1
Padded 12 bytes for bootloader.bin to 20736
Embedding file bootloader.bin:/home/robert/ardupilot/Tools/bootloaders/ARK_FPV_bl.bin
Embedding file defaults.parm:/home/robert/ardupilot/build/ARK_FPV/processed_defaults.parm
Embedding file hwdef.dat:/home/robert/ardupilot/build/ARK_FPV/hw.dat
[ 3/11] Creating build/ARK_FPV/hwdef.h
[ 4/11] Creating build/ARK_FPV/modules/ChibiOS/include_dirs
[ 5/11] Compiling libraries/AP_Scripting/generator/src/main.c
[ 6/11] Processing modules/mavlink/message_definitions/v1.0/all.xml
Validation skipped for /home/robert/ardupilot/modules/mavlink/message_definitions/v1.0/all.xml.
Parsing /home/robert/ardupilot/modules/mavlink/message_definitions/v1.0/all.xml
Validation skipped for /home/robert/ardupilot/modules/mavlink/message_definitions/v1.0/ardupilotmega.xml.
Parsing /home/robert/ardupilot/modules/mavlink/message_definitions/v1.0/ardupilotmega.xml
[ 7/11] Processing dronecangen: modules/DroneCAN/DSDL/ardupilot modules/DroneCAN/DSDL/com modules/DroneCAN/DSDL/cuav modules/DroneCAN/DSDL/dronecan modules/DroneCAN/DSDL/mppt modules/DroneCAN/DSDL/tests modules/DroneCAN/DSDL/uavcan
[ 8/11] Creating build/ARK_FPV/ap_version.h
[ 9/11] Creating build/ARK_FPV/chibios_flags.h
Validation skipped for /home/robert/ardupilot/modules/mavlink/message_definitions/v1.0/ASLUAV.xml.
Parsing /home/robert/ardupilot/modules/mavlink/message_definitions/v1.0/ASLUAV.xml
Validation skipped for /home/robert/ardupilot/modules/mavlink/message_definitions/v1.0/common.xml.
Parsing /home/robert/ardupilot/modules/mavlink/message_definitions/v1.0/common.xml
Validation skipped for /home/robert/ardupilot/modules/mavlink/message_definitions/v1.0/development.xml.
Parsing /home/robert/ardupilot/modules/mavlink/message_definitions/v1.0/development.xml
Validation skipped for /home/robert/ardupilot/modules/mavlink/message_definitions/v1.0/icarous.xml.
Parsing /home/robert/ardupilot/modules/mavlink/message_definitions/v1.0/icarous.xml
Validation skipped for /home/robert/ardupilot/modules/mavlink/message_definitions/v1.0/minimal.xml.
Parsing /home/robert/ardupilot/modules/mavlink/message_definitions/v1.0/minimal.xml
Validation skipped for /home/robert/ardupilot/modules/mavlink/message_definitions/v1.0/python_array_test.xml.
Parsing /home/robert/ardupilot/modules/mavlink/message_definitions/v1.0/python_array_test.xml
Validation skipped for /home/robert/ardupilot/modules/mavlink/message_definitions/v1.0/standard.xml.
Parsing /home/robert/ardupilot/modules/mavlink/message_definitions/v1.0/standard.xml
MAV_BOOL_FALSE has invalid values (bitmask must have powers of 2)
Validation skipped for /home/robert/ardupilot/modules/mavlink/message_definitions/v1.0/test.xml.
Parsing /home/robert/ardupilot/modules/mavlink/message_definitions/v1.0/test.xml
Validation skipped for /home/robert/ardupilot/modules/mavlink/message_definitions/v1.0/ualberta.xml.
Parsing /home/robert/ardupilot/modules/mavlink/message_definitions/v1.0/ualberta.xml
Validation skipped for /home/robert/ardupilot/modules/mavlink/message_definitions/v1.0/uAvionix.xml.
Parsing /home/robert/ardupilot/modules/mavlink/message_definitions/v1.0/uAvionix.xml
Validation skipped for /home/robert/ardupilot/modules/mavlink/message_definitions/v1.0/loweheiser.xml.
Parsing /home/robert/ardupilot/modules/mavlink/message_definitions/v1.0/loweheiser.xml
Validation skipped for /home/robert/ardupilot/modules/mavlink/message_definitions/v1.0/storm32.xml.
Parsing /home/robert/ardupilot/modules/mavlink/message_definitions/v1.0/storm32.xml
Validation skipped for /home/robert/ardupilot/modules/mavlink/message_definitions/v1.0/AVSSUAS.xml.
Parsing /home/robert/ardupilot/modules/mavlink/message_definitions/v1.0/AVSSUAS.xml
Validation skipped for /home/robert/ardupilot/modules/mavlink/message_definitions/v1.0/cubepilot.xml.
Parsing /home/robert/ardupilot/modules/mavlink/message_definitions/v1.0/cubepilot.xml
Validation skipped for /home/robert/ardupilot/modules/mavlink/message_definitions/v1.0/csAirLink.xml.
Parsing /home/robert/ardupilot/modules/mavlink/message_definitions/v1.0/csAirLink.xml
Merged enum MAV_CMD
Merged enum MAV_CMD
Merged enum MAV_CMD
Merged enum MAV_CMD
Merged enum MAV_CMD
Merged enum MAV_CMD
Found 349 MAVLink message types in 17 XML files
Generating C implementation in directory /home/robert/ardupilot/build/ARK_FPV/libraries/GCS_MAVLink/include/mavlink/v2.0/all
Generating C implementation in directory /home/robert/ardupilot/build/ARK_FPV/libraries/GCS_MAVLink/include/mavlink/v2.0/ardupilotmega
Including /home/robert/ardupilot/libraries/AP_HAL_ChibiOS/hwdef/ARK_FPV/common.inc
Removing NUM_SERVO_CHANNELS
Removing NUM_RC_CHANNELS
Adding environment USE_ALT_RAM_MAP 1
HAL_NUM_SERVO_CHANNELS already in defines with same value
HAL_NUM_RC_CHANNELS already in defines with same value
Setup for MCU STM32H743xx
Default parameters path from hwdef: /home/robert/ardupilot/libraries/AP_HAL_ChibiOS/hwdef/ARK_FPV/defaults.parm
Writing hwdef setup in /home/robert/ardupilot/build/ARK_FPV/hwdef.h
Using ALT_RAM_MAP
MCU Flags: cortex-m7 ['-mcpu=cortex-m7', '-mfpu=fpv5-d16', '-mfloat-abi=hard']
Writing DMA map
Setting up as normal
No change in hwdef.h
Using ALT_RAM_MAP
Generating ldscript.ld

Generating C implementation in directory /home/robert/ardupilot/build/ARK_FPV/libraries/GCS_MAVLink/include/mavlink/v2.0/ASLUAV
Generating C implementation in directory /home/robert/ardupilot/build/ARK_FPV/libraries/GCS_MAVLink/include/mavlink/v2.0/common
[10/11] Linking build/ARK_FPV/modules/ChibiOS/libch.a
[11/11] Processing /home/robert/ardupilot/build/ARK_FPV/libraries/AP_Scripting/lua_generated_bindings.cpp,/home/robert/ardupilot/build/ARK_FPV/libraries/AP_Scripting/lua_generated_bindings.h: libraries/AP_Scripting/generator/description/bindings.desc build/ARK_FPV/gen-bindings -> build/ARK_FPV/libraries/AP_Scripting/lua_generated_bindings.cpp build/ARK_FPV/libraries/AP_Scripting/lua_generated_bindings.h
Generating C implementation in directory /home/robert/ardupilot/build/ARK_FPV/libraries/GCS_MAVLink/include/mavlink/v2.0/development
Generating C implementation in directory /home/robert/ardupilot/build/ARK_FPV/libraries/GCS_MAVLink/include/mavlink/v2.0/icarous
Generating C implementation in directory /home/robert/ardupilot/build/ARK_FPV/libraries/GCS_MAVLink/include/mavlink/v2.0/minimal
Generating C implementation in directory /home/robert/ardupilot/build/ARK_FPV/libraries/GCS_MAVLink/include/mavlink/v2.0/python_array_test
Generating C implementation in directory /home/robert/ardupilot/build/ARK_FPV/libraries/GCS_MAVLink/include/mavlink/v2.0/standard
Generating C implementation in directory /home/robert/ardupilot/build/ARK_FPV/libraries/GCS_MAVLink/include/mavlink/v2.0/test
Generating C implementation in directory /home/robert/ardupilot/build/ARK_FPV/libraries/GCS_MAVLink/include/mavlink/v2.0/ualberta
Generating C implementation in directory /home/robert/ardupilot/build/ARK_FPV/libraries/GCS_MAVLink/include/mavlink/v2.0/uAvionix
Generating C implementation in directory /home/robert/ardupilot/build/ARK_FPV/libraries/GCS_MAVLink/include/mavlink/v2.0/loweheiser
Generating C implementation in directory /home/robert/ardupilot/build/ARK_FPV/libraries/GCS_MAVLink/include/mavlink/v2.0/storm32
Generating C implementation in directory /home/robert/ardupilot/build/ARK_FPV/libraries/GCS_MAVLink/include/mavlink/v2.0/AVSSUAS
Generating C implementation in directory /home/robert/ardupilot/build/ARK_FPV/libraries/GCS_MAVLink/include/mavlink/v2.0/cubepilot
Generating C implementation in directory /home/robert/ardupilot/build/ARK_FPV/libraries/GCS_MAVLink/include/mavlink/v2.0/csAirLink
Copying fixed headers for protocol 2.0 to /home/robert/ardupilot/build/ARK_FPV/libraries/GCS_MAVLink/include/mavlink/v2.0
expanding ardupilot.gnss.MovingBaselineData
expanding ardupilot.equipment.power.BatteryCells
expanding com.hobbywing.esc.GetMajorConfig
expanding com.hobbywing.esc.GetEscID
expanding com.tmotor.esc.PUSHSCI
expanding dronecan.remoteid.SecureCommand
expanding uavcan.CoarseOrientation
expanding uavcan.protocol.RestartNode
expanding uavcan.protocol.file.Write
expanding uavcan.protocol.enumeration.Begin
expanding uavcan.equipment.air_data.StaticTemperature
expanding uavcan.equipment.actuator.Command
expanding uavcan.equipment.indication.LightsCommand
expanding uavcan.equipment.ahrs.MagneticFieldStrength
expanding uavcan.equipment.esc.RawCommand
expanding uavcan.equipment.ice.reciprocating.CylinderStatus
expanding ardupilot.indication.NotifyState
expanding ardupilot.equipment.power.BatteryPeriodic
expanding com.hobbywing.esc.GetMaintenanceInformation
expanding com.tmotor.esc.ParamGet
expanding dronecan.remoteid.SelfID
expanding dronecan.protocol.Stats
expanding uavcan.Timestamp
expanding uavcan.tunnel.Call
expanding uavcan.protocol.NodeStatus
expanding uavcan.protocol.file.Delete
expanding uavcan.protocol.file.EntryType
expanding uavcan.protocol.param.GetSet
expanding uavcan.equipment.air_data.StaticPressure
expanding uavcan.equipment.gnss.ECEFPositionVelocity
expanding uavcan.equipment.indication.RGB565
expanding uavcan.equipment.hardpoint.Command
expanding uavcan.equipment.camera_gimbal.AngularCommand
expanding uavcan.equipment.ice.FuelTankStatus
expanding ardupilot.indication.Button
expanding com.xacti.GnssStatus
expanding com.hobbywing.esc.SetLED
expanding com.hobbywing.esc.StatusMsg2
expanding com.himark.servo.ServoCmd
expanding com.hex.equipment.flow.Measurement
expanding dronecan.remoteid.BasicID
expanding dronecan.sensors.magnetometer.MagneticFieldStrengthHiRes
expanding dronecan.sensors.rpm.RPM
expanding mppt.Stream
expanding uavcan.tunnel.SerialConfig
expanding uavcan.protocol.CANIfaceStats
expanding uavcan.protocol.DataTypeKind
expanding uavcan.protocol.AccessCommandShell
expanding uavcan.protocol.file.Read
expanding uavcan.protocol.param.Value
expanding uavcan.protocol.dynamic_node_id.server.Discovery
expanding uavcan.equipment.air_data.IndicatedAirspeed
expanding uavcan.equipment.actuator.ArrayCommand
expanding uavcan.equipment.gnss.Auxiliary
expanding uavcan.equipment.ahrs.Solution
expanding uavcan.equipment.esc.RPMCommand
expanding uavcan.equipment.ice.reciprocating.Status
expanding ardupilot.gnss.RelPosHeading
expanding ardupilot.equipment.power.BatteryTag
expanding com.xacti.GimbalAttitudeStatus
expanding com.volz.servo.ActuatorStatus
expanding com.hobbywing.esc.SetReportingFrequency
expanding com.hobbywing.esc.SetAngle
expanding dronecan.remoteid.System
expanding dronecan.protocol.FlexDebug
expanding uavcan.tunnel.Broadcast
expanding uavcan.navigation.GlobalNavigationSolution
expanding uavcan.protocol.GetNodeInfo
expanding uavcan.protocol.file.Error
expanding uavcan.protocol.file.GetInfo
expanding uavcan.protocol.enumeration.Indication
expanding uavcan.protocol.dynamic_node_id.server.Entry
expanding uavcan.equipment.air_data.AngleOfAttack
expanding uavcan.equipment.range_sensor.Measurement
expanding uavcan.equipment.gnss.Fix2
expanding uavcan.equipment.ahrs.MagneticFieldStrength2
expanding uavcan.equipment.esc.StatusExtended
expanding uavcan.equipment.power.BatteryInfo
expanding ardupilot.indication.SafetyState
expanding ardupilot.equipment.proximity_sensor.Proximity
expanding com.hobbywing.esc.RawCommand
expanding com.hobbywing.esc.StatusMsg3
expanding com.tmotor.esc.ParamCfg
expanding dronecan.remoteid.Location
expanding uavcan.protocol.GetTransportStats
expanding uavcan.protocol.param.NumericValue
expanding uavcan.protocol.debug.KeyValue
expanding uavcan.equipment.air_data.TrueAirspeed
expanding uavcan.equipment.air_data.RawAirData
expanding uavcan.equipment.gnss.RTCMStream
expanding uavcan.equipment.ahrs.RawIMU
expanding uavcan.equipment.camera_gimbal.GEOPOICommand
expanding ardupilot.gnss.Status
expanding ardupilot.equipment.power.BatteryContinuous
expanding com.xacti.CopterAttStatus
expanding com.hobbywing.esc.StatusMsg1
expanding com.hobbywing.esc.SelfTest
expanding com.himark.servo.ServoInfo
expanding com.tmotor.esc.FocCtrl
expanding dronecan.remoteid.OperatorID
expanding dronecan.sensors.hygrometer.Hygrometer
expanding dronecan.protocol.CanStats
expanding mppt.OutputEnable
expanding uavcan.protocol.Panic
expanding uavcan.protocol.GlobalTimeSync
expanding uavcan.protocol.file.GetDirectoryEntryInfo
expanding uavcan.protocol.param.ExecuteOpcode
expanding uavcan.protocol.debug.LogMessage
expanding uavcan.protocol.dynamic_node_id.server.AppendEntries
expanding uavcan.equipment.actuator.Status
expanding uavcan.equipment.indication.BeepCommand
expanding uavcan.equipment.esc.Status
expanding uavcan.equipment.power.PrimaryPowerSupplyStatus
expanding ardupilot.gnss.Heading
expanding ardupilot.equipment.power.BatteryInfoAux
expanding com.xacti.GnssStatusReq
expanding com.hobbywing.esc.SetBaud
expanding com.hobbywing.esc.SetDirection
expanding com.tmotor.esc.PUSHCAN
expanding cuav.equipment.power.CBAT
expanding dronecan.sensors.rc.RCInput
expanding dronecan.protocol.GlobalTime
expanding uavcan.tunnel.Protocol
expanding uavcan.protocol.HardwareVersion
expanding uavcan.protocol.SoftwareVersion
expanding uavcan.protocol.file.BeginFirmwareUpdate
expanding uavcan.protocol.debug.LogLevel
expanding uavcan.protocol.dynamic_node_id.server.RequestVote
expanding uavcan.equipment.gnss.Fix
expanding uavcan.equipment.device.Temperature
expanding uavcan.equipment.hardpoint.Status
expanding uavcan.equipment.camera_gimbal.Mode
expanding uavcan.equipment.power.CircuitStatus
expanding ardupilot.equipment.trafficmonitor.TrafficReport
expanding com.xacti.GimbalControlData
expanding com.hobbywing.esc.SetID
expanding com.hobbywing.esc.SetThrottleSource
expanding dronecan.remoteid.ArmStatus
expanding uavcan.tunnel.Targetted
expanding uavcan.protocol.GetDataTypeInfo
expanding uavcan.protocol.file.Path
expanding uavcan.protocol.param.Empty
expanding uavcan.protocol.dynamic_node_id.Allocation
expanding uavcan.equipment.air_data.Sideslip
expanding uavcan.equipment.indication.SingleLightCommand
expanding uavcan.equipment.camera_gimbal.Status
expanding uavcan.equipment.safety.ArmingStatus

[1/116] ChibiOS: Compiling crt0_v7m.S
[2/116] ChibiOS: Compiling vectors.S
[3/116] ChibiOS: Compiling chcoreasm.S
[4/116] ChibiOS: Compiling ff.c
[5/116] ChibiOS: Compiling ffunicode.c
[6/116] ChibiOS: Compiling chcore.c
[7/116] ChibiOS: Compiling crt1.c
[8/116] ChibiOS: Compiling bufstreams.c
[9/116] ChibiOS: Compiling chprintf.c
[10/116] ChibiOS: Compiling chscanf.c
[11/116] ChibiOS: Compiling memstreams.c
[12/116] ChibiOS: Compiling nullstreams.c
[13/116] ChibiOS: Compiling osal.c
[14/116] ChibiOS: Compiling hal_adc_lld.c
[15/116] ChibiOS: Compiling stm32_bdma.c
[16/116] ChibiOS: Compiling hal_crypto_lld.c
[17/116] ChibiOS: Compiling hal_dac_lld.c
[18/116] ChibiOS: Compiling stm32_dma.c
[19/116] ChibiOS: Compiling stm32_exti.c
[20/116] ChibiOS: Compiling hal_can_lld.c
[21/116] ChibiOS: Compiling hal_pal_lld.c
[22/116] ChibiOS: Compiling hal_i2c_lld.c
[23/116] ChibiOS: Compiling hal_mac_lld.c
[24/116] ChibiOS: Compiling stm32_mdma.c
[25/116] ChibiOS: Compiling hal_usb_lld.c
[26/116] ChibiOS: Compiling hal_wspi_lld.c
[27/116] ChibiOS: Compiling hal_trng_lld.c
[28/116] ChibiOS: Compiling hal_rtc_lld.c
[29/116] ChibiOS: Compiling hal_sdc_lld.c
[30/116] ChibiOS: Compiling hal_spi_lld.c
[31/116] ChibiOS: Compiling hal_st_lld.c
[32/116] ChibiOS: Compiling hal_eicu_lld.c
[33/116] ChibiOS: Compiling hal_gpt_lld.c
[34/116] ChibiOS: Compiling hal_icu_lld.c
[35/116] ChibiOS: Compiling hal_pwm_lld.c
[36/116] ChibiOS: Compiling hal_serial_lld.c
[37/116] ChibiOS: Compiling hal_sio_lld.c
[38/116] ChibiOS: Compiling hal_uart_lld.c
[39/116] ChibiOS: Compiling hal_wdg_lld.c
[40/116] ChibiOS: Compiling hal_lld.c
[41/116] ChibiOS: Compiling stm32_isr.c
[42/116] ChibiOS: Compiling nvic.c
[43/116] ChibiOS: Compiling hal.c
[44/116] ChibiOS: Compiling hal_adc.c
[45/116] ChibiOS: Compiling hal_buffers.c
[46/116] ChibiOS: Compiling hal_can.c
[47/116] ChibiOS: Compiling hal_crypto.c
[48/116] ChibiOS: Compiling hal_dac.c
[49/116] ChibiOS: Compiling hal_efl.c
[50/116] ChibiOS: Compiling hal_eicu.c
[51/116] ChibiOS: Compiling hal_flash.c
[52/116] ChibiOS: Compiling hal_gpt.c
[53/116] ChibiOS: Compiling hal_i2c.c
[54/116] ChibiOS: Compiling hal_i2s.c
[55/116] ChibiOS: Compiling hal_icu.c
[56/116] ChibiOS: Compiling hal_mac.c
[57/116] ChibiOS: Compiling hal_mmc_spi.c
[58/116] ChibiOS: Compiling hal_mmcsd.c
[59/116] ChibiOS: Compiling hal_pal.c
[60/116] ChibiOS: Compiling hal_pwm.c
[61/116] ChibiOS: Compiling hal_queues.c
[62/116] ChibiOS: Compiling hal_rtc.c
[63/116] ChibiOS: Compiling hal_sdc.c
[64/116] ChibiOS: Compiling hal_serial.c
[65/116] ChibiOS: Compiling hal_serial_usb.c
[66/116] ChibiOS: Compiling hal_sio.c
[67/116] ChibiOS: Compiling hal_spi.c
[68/116] ChibiOS: Compiling hal_st.c
[69/116] ChibiOS: Compiling hal_trng.c
[70/116] ChibiOS: Compiling hal_uart.c
[71/116] ChibiOS: Compiling hal_usb.c
[72/116] ChibiOS: Compiling hal_wdg.c
[73/116] ChibiOS: Compiling hal_wspi.c
[74/116] ChibiOS: Compiling chdelegates.c
[75/116] ChibiOS: Compiling chfactory.c
[76/116] ChibiOS: Compiling chmboxes.c
[77/116] ChibiOS: Compiling chmemcore.c
[78/116] ChibiOS: Compiling chmemheaps.c
[79/116] ChibiOS: Compiling chmempools.c
[80/116] ChibiOS: Compiling chobjcaches.c
[81/116] ChibiOS: Compiling chpipes.c
[82/116] ChibiOS: Compiling chcond.c
[83/116] ChibiOS: Compiling chdebug.c
[84/116] ChibiOS: Compiling chdynamic.c
[85/116] ChibiOS: Compiling chevents.c
[86/116] ChibiOS: Compiling chinstances.c
[87/116] ChibiOS: Compiling chmsg.c
[88/116] ChibiOS: Compiling chmtx.c
[89/116] ChibiOS: Compiling chregistry.c
[90/116] ChibiOS: Compiling chrfcu.c
[91/116] ChibiOS: Compiling chschd.c
[92/116] ChibiOS: Compiling chsem.c
[93/116] ChibiOS: Compiling chstats.c
[95/116] ChibiOS: Compiling chthreads.c
[94/116] ChibiOS: Compiling chsys.c
[96/116] ChibiOS: Compiling chtm.c
[97/116] ChibiOS: Compiling chtrace.c
[98/116] ChibiOS: Compiling chvt.c
[99/116] ChibiOS: Compiling fatfs_diskio.c
[100/116] ChibiOS: Compiling fatfs_syscall.c
[101/116] ChibiOS: Compiling syscalls.c
[102/116] ChibiOS: Compiling stubs.c
[103/116] ChibiOS: Compiling board.c
[104/116] ChibiOS: Compiling usbcfg.c
[105/116] ChibiOS: Compiling usbcfg_dualcdc.c
[106/116] ChibiOS: Compiling usbcfg_common.c
[107/116] ChibiOS: Compiling flash.c
[108/116] ChibiOS: Compiling malloc.c
[109/116] ChibiOS: Compiling hrt.c
[110/116] ChibiOS: Compiling stm32_util.c
[111/116] ChibiOS: Compiling bouncebuffer.c
[113/116] ChibiOS: Compiling ch.cpp
[112/116] ChibiOS: Compiling watchdog.c
[114/116] ChibiOS: Compiling CrashCatcher_armv7m.S
[115/116] ChibiOS: Compiling CrashCatcher.c
[116/116] ChibiOS: Compiling crashdump.c


CrashCatcher: Done!
ChibiOS: Done!

arm-none-eabi-ar: creating modules/ChibiOS/libch.a
arm-none-eabi-ar: creating modules/ChibiOS/libcc.a

No target_list file found, creating
Generating compile_commands.json
Build commands will be stored in build/ARK_FPV/compile_commands.json
Generating compile_commands.json
Build commands will be stored in build/ARK_FPV/compile_commands.json
[  12/1222] Compiling libraries/AC_AttitudeControl/AC_CommandModel.cpp
[  13/1222] Compiling libraries/AC_AttitudeControl/AC_AttitudeControl_Multi.cpp
[  14/1222] Compiling libraries/AC_AttitudeControl/AC_AttitudeControl_Heli.cpp
[  15/1222] Compiling libraries/AC_AttitudeControl/AC_AttitudeControl_TS.cpp
[  16/1222] Compiling libraries/AC_AttitudeControl/AC_AttitudeControl_Sub.cpp
[  17/1222] Compiling libraries/AC_AttitudeControl/AC_AttitudeControl_Logging.cpp
[  18/1222] Compiling libraries/AC_AttitudeControl/ControlMonitor.cpp
[  19/1222] Compiling libraries/AC_AttitudeControl/AC_PosControl_Logging.cpp
[  20/1222] Compiling libraries/AC_AttitudeControl/AC_AttitudeControl_Multi_6DoF.cpp
[  21/1222] Compiling libraries/AC_AutoTune/AC_AutoTune_Multi.cpp
[  22/1222] Compiling libraries/AC_AutoTune/AC_AutoTune_FreqResp.cpp
[  23/1222] Compiling libraries/AC_AutoTune/AC_AutoTune_Heli.cpp
[  24/1222] Compiling libraries/AC_Autorotation/AC_Autorotation.cpp
[  25/1222] Compiling libraries/AC_Autorotation/RSC_Autorotation.cpp
[  26/1222] Compiling libraries/AC_Avoidance/AP_OAVisGraph.cpp
[  27/1222] Compiling libraries/AC_Avoidance/AC_Avoidance_Logging.cpp
[  28/1222] Compiling libraries/AC_Avoidance/AP_OADijkstra.cpp
[  29/1222] Compiling libraries/AC_Avoidance/AP_OAPathPlanner.cpp
[  30/1222] Compiling libraries/AC_InputManager/AC_InputManager.cpp
[  31/1222] Compiling libraries/AC_InputManager/AC_InputManager_Heli.cpp
[  32/1222] Compiling libraries/AC_PID/AC_PID_Basic.cpp
[  33/1222] Compiling libraries/AC_PID/AC_PI_2D.cpp
[  34/1222] Compiling libraries/AC_PID/AC_P_1D.cpp
[  35/1222] Compiling libraries/AC_PID/AC_P_2D.cpp
[  36/1222] Compiling libraries/AC_PID/AC_HELI_PID.cpp
[  37/1222] Compiling libraries/AC_PID/AC_P.cpp
[  38/1222] Compiling libraries/AC_PID/AC_PI.cpp
[  39/1222] Compiling libraries/AC_PID/AC_PID.cpp
[  40/1222] Compiling libraries/AC_PID/AC_PID_2D.cpp
[  41/1222] Compiling libraries/AC_PrecLand/AC_PrecLand_SITL.cpp
[  42/1222] Compiling libraries/AC_PrecLand/AC_PrecLand_SITL_Gazebo.cpp
[  43/1222] Compiling libraries/AC_PrecLand/AC_PrecLand_StateMachine.cpp
[  44/1222] Compiling libraries/AC_PrecLand/PosVelEKF.cpp
[  45/1222] Compiling libraries/AC_PrecLand/AC_PrecLand_Companion.cpp
[  46/1222] Compiling libraries/AC_PrecLand/AC_PrecLand_IRLock.cpp
[  47/1222] Compiling libraries/AC_Sprayer/AC_Sprayer.cpp
[  48/1222] Compiling libraries/AC_WPNav/AC_Circle.cpp
[  49/1222] Compiling libraries/AC_WPNav/AC_WPNav.cpp
[  50/1222] Compiling libraries/AC_WPNav/AC_WPNav_OA.cpp
[  51/1222] Compiling libraries/AP_ADC/AP_ADC_ADS1115.cpp
[  52/1222] Compiling libraries/AP_ADSB/AP_ADSB_uAvionix_MAVLink.cpp
[  53/1222] Compiling libraries/AP_ADSB/AP_ADSB_Backend.cpp
[  54/1222] Compiling libraries/AP_ADSB/AP_ADSB_Sagetech.cpp
[  55/1222] Compiling libraries/AP_ADSB/AP_ADSB_uAvionix_UCP.cpp
[  56/1222] Compiling libraries/AP_AHRS/AP_AHRS_Logging.cpp
[  57/1222] Compiling libraries/AP_AHRS/AP_AHRS_External.cpp
[  58/1222] Compiling libraries/AP_AHRS/AP_AHRS_View.cpp
[  59/1222] Compiling libraries/AP_AHRS/AP_AHRS_SIM.cpp
[  60/1222] Compiling libraries/AP_AccelCal/AP_AccelCal.cpp
[  61/1222] Compiling libraries/AP_AccelCal/AccelCalibrator.cpp
[  62/1222] Compiling libraries/AP_AdvancedFailsafe/AP_AdvancedFailsafe.cpp
[  63/1222] Compiling libraries/AP_Airspeed/AP_Airspeed_analog.cpp
[  64/1222] Compiling libraries/AP_Airspeed/AP_Airspeed_SDP3X.cpp
[  65/1222] Compiling libraries/AP_Airspeed/AP_Airspeed_ASP5033.cpp
[  66/1222] Compiling libraries/AP_Airspeed/AP_Airspeed_Backend.cpp
[  67/1222] Compiling libraries/AP_Airspeed/AP_Airspeed_SITL.cpp
[  68/1222] Compiling libraries/AP_Airspeed/AP_Airspeed_MS4525.cpp
[  69/1222] Compiling libraries/AP_Airspeed/AP_Airspeed_MSP.cpp
[  70/1222] Compiling libraries/AP_Airspeed/AP_Airspeed_DroneCAN.cpp
[  71/1222] Compiling libraries/AP_Airspeed/Airspeed_Calibration.cpp
[  72/1222] Compiling libraries/AP_Airspeed/AP_Airspeed_DLVR.cpp
[  73/1222] Compiling libraries/AP_Airspeed/AP_Airspeed_MS5525.cpp
[  74/1222] Compiling libraries/AP_Airspeed/AP_Airspeed_External.cpp
[  75/1222] Compiling libraries/AP_Airspeed/AP_Airspeed_Health.cpp
[  76/1222] Compiling libraries/AP_Baro/AP_Baro_Logging.cpp
[  77/1222] Compiling libraries/AP_Baro/AP_Baro_ICP201XX.cpp
[  78/1222] Compiling libraries/AP_Baro/AP_Baro_HIL.cpp
[  79/1222] Compiling libraries/AP_Baro/AP_Baro_ICM20789.cpp
[  80/1222] Compiling libraries/AP_Baro/AP_Baro_MS5611.cpp
[  81/1222] Compiling libraries/AP_Baro/AP_Baro_Wind.cpp
[  82/1222] Compiling libraries/AP_Baro/AP_Baro_LPS2XH.cpp
[  83/1222] Compiling libraries/AP_Baro/AP_Baro_SPL06.cpp
[  84/1222] Compiling libraries/AP_Baro/AP_Baro_KellerLD.cpp
[  85/1222] Compiling libraries/AP_Baro/AP_Baro_BMP388.cpp
[  86/1222] Compiling libraries/AP_Baro/AP_Baro_BMP581.cpp
[  87/1222] Compiling libraries/AP_Baro/AP_Baro_BMP280.cpp
[  88/1222] Compiling libraries/AP_Baro/AP_Baro_BMP085.cpp
[  89/1222] Compiling libraries/AP_Baro/AP_Baro_DroneCAN.cpp
[  90/1222] Compiling libraries/AP_Baro/AP_Baro_DPS280.cpp
[  91/1222] Compiling libraries/AP_Baro/AP_Baro_atmosphere.cpp
[  92/1222] Compiling libraries/AP_Baro/AP_Baro_Dummy.cpp
[  93/1222] Compiling libraries/AP_Baro/AP_Baro_Backend.cpp
[  94/1222] Compiling libraries/AP_Baro/AP_Baro_ICP101XX.cpp
[  95/1222] Compiling libraries/AP_Baro/AP_Baro_ExternalAHRS.cpp
[  96/1222] Compiling libraries/AP_Baro/AP_Baro_FBM320.cpp
[  97/1222] Compiling libraries/AP_Baro/AP_Baro_MSP.cpp
[  98/1222] Compiling libraries/AP_BattMonitor/AP_BattMonitor_SMBus.cpp
[  99/1222] Compiling libraries/AP_BattMonitor/AP_BattMonitor_LTC2946.cpp
[ 100/1222] Compiling libraries/AP_BattMonitor/AP_BattMonitor_SMBus_SUI.cpp
[ 101/1222] Compiling libraries/AP_BattMonitor/AP_BattMonitor_Bebop.cpp
[ 102/1222] Compiling libraries/AP_BattMonitor/AP_BattMonitor_Logging.cpp
[ 103/1222] Compiling libraries/AP_BattMonitor/AP_BattMonitor_INA2xx.cpp
[ 104/1222] Compiling libraries/AP_BattMonitor/AP_BattMonitor_Generator.cpp
[ 105/1222] Compiling libraries/AP_BattMonitor/AP_BattMonitor_INA239.cpp
[ 106/1222] Compiling libraries/AP_BattMonitor/AP_BattMonitor_Synthetic_Current.cpp
[ 107/1222] Compiling libraries/AP_BattMonitor/AP_BattMonitor_FuelFlow.cpp
[ 108/1222] Compiling libraries/AP_BattMonitor/AP_BattMonitor_DroneCAN.cpp
[ 109/1222] Compiling libraries/AP_BattMonitor/AP_BattMonitor_FuelLevel_Analog.cpp
[ 110/1222] Compiling libraries/AP_BattMonitor/AP_BattMonitor_Torqeedo.cpp
[ 111/1222] Compiling libraries/AP_BattMonitor/AP_BattMonitor_EFI.cpp
[ 112/1222] Compiling libraries/AP_BattMonitor/AP_BattMonitor_ESC.cpp
[ 113/1222] Compiling libraries/AP_BattMonitor/AP_BattMonitor_SMBus_Solo.cpp
[ 114/1222] Compiling libraries/AP_BattMonitor/AP_BattMonitor_Backend.cpp
[ 115/1222] Compiling libraries/AP_BattMonitor/AP_BattMonitor_SMBus_Generic.cpp
[ 116/1222] Compiling libraries/AP_BattMonitor/AP_BattMonitor_Sum.cpp
[ 117/1222] Compiling libraries/AP_BattMonitor/AP_BattMonitor_AD7091R5.cpp
[ 118/1222] Compiling libraries/AP_BattMonitor/AP_BattMonitor_Analog.cpp
[ 119/1222] Compiling libraries/AP_BattMonitor/AP_BattMonitor_Scripting.cpp
[ 120/1222] Compiling libraries/AP_BattMonitor/AP_BattMonitor_FuelLevel_PWM.cpp
[ 121/1222] Compiling libraries/AP_BattMonitor/AP_BattMonitor_SMBus_NeoDesign.cpp
[ 122/1222] Compiling libraries/AP_BattMonitor/AP_BattMonitor_SMBus_Rotoye.cpp
[ 123/1222] Compiling libraries/AP_Beacon/AP_Beacon_Nooploop.cpp
[ 124/1222] Compiling libraries/AP_Beacon/AP_Beacon_SITL.cpp
[ 125/1222] Compiling libraries/AP_Beacon/AP_Beacon.cpp
[ 126/1222] Compiling libraries/AP_Beacon/AP_Beacon_Backend.cpp
[ 127/1222] Compiling libraries/AP_Beacon/AP_Beacon_Marvelmind.cpp
[ 128/1222] Compiling libraries/AP_Beacon/AP_Beacon_Pozyx.cpp
[ 129/1222] Compiling libraries/AP_BoardConfig/board_drivers.cpp
[ 130/1222] Compiling libraries/AP_BoardConfig/IMU_heater.cpp
[ 131/1222] Compiling libraries/AP_Button/AP_Button.cpp
[ 132/1222] Compiling libraries/AP_CANManager/AP_CANManager.cpp
[ 133/1222] Compiling libraries/AP_CANManager/AP_SLCANIface.cpp
[ 134/1222] Compiling libraries/AP_CANManager/AP_CANManager_CANDriver_Params.cpp
[ 135/1222] Compiling libraries/AP_CANManager/AP_CANIfaceParams.cpp
[ 136/1222] Compiling libraries/AP_CANManager/AP_CANSensor.cpp
[ 137/1222] Compiling libraries/AP_Camera/AP_Camera_Relay.cpp
[ 138/1222] Compiling libraries/AP_Camera/AP_Camera_Scripting.cpp
[ 139/1222] Compiling libraries/AP_Camera/AP_Camera_Backend.cpp
[ 140/1222] Compiling libraries/AP_Camera/AP_RunCam.cpp
[ 141/1222] Compiling libraries/AP_Camera/AP_Camera_Servo.cpp
[ 142/1222] Compiling libraries/AP_Camera/AP_Camera_SoloGimbal.cpp
[ 143/1222] Compiling libraries/AP_Camera/AP_Camera_Params.cpp
[ 144/1222] Compiling libraries/AP_Camera/AP_Camera_Logging.cpp
[ 145/1222] Compiling libraries/AP_Camera/AP_Camera_Mount.cpp
[ 146/1222] Compiling libraries/AP_Camera/AP_Camera_MAVLink.cpp
[ 147/1222] Compiling libraries/AP_Camera/AP_Camera_MAVLinkCamV2.cpp
[ 148/1222] Compiling libraries/AP_Camera/AP_Camera.cpp
[ 149/1222] Compiling libraries/AP_CheckFirmware/monocypher.cpp
[ 150/1222] Compiling libraries/AP_CheckFirmware/AP_CheckFirmware_secure_command.cpp
[ 151/1222] Compiling libraries/AP_CheckFirmware/AP_CheckFirmware.cpp
[ 152/1222] Compiling libraries/AP_Common/AP_ExpandingArray.cpp
[ 153/1222] Compiling libraries/AP_Common/AP_Common.cpp
[ 154/1222] Compiling libraries/AP_Common/float16.cpp
[ 155/1222] Compiling libraries/AP_Common/NMEA.cpp
[ 156/1222] Compiling libraries/AP_Common/sorting.cpp
[ 157/1222] Compiling libraries/AP_Common/AP_FWVersion.cpp
[ 158/1222] Compiling libraries/AP_Common/c++.cpp
[ 159/1222] Compiling libraries/AP_Common/ExpandingString.cpp
[ 160/1222] Compiling libraries/AP_Common/time.cpp
[ 161/1222] Compiling libraries/AP_Common/Location.cpp
[ 162/1222] Compiling libraries/AP_Compass/CompassCalibrator.cpp
[ 163/1222] Compiling libraries/AP_Compass/AP_Compass_LSM9DS1.cpp
[ 164/1222] Compiling libraries/AP_Compass/AP_Compass_BMM150.cpp
[ 165/1222] Compiling libraries/AP_Compass/AP_Compass_AK8963.cpp
[ 166/1222] Compiling libraries/AP_Compass/AP_Compass_QMC5883P.cpp
[ 167/1222] Compiling libraries/AP_Compass/AP_Compass_HMC5843.cpp
[ 168/1222] Compiling libraries/AP_Compass/AP_Compass_Backend.cpp
[ 169/1222] Compiling libraries/AP_Compass/AP_Compass_BMM350.cpp
[ 170/1222] Compiling libraries/AP_Compass/Compass_learn.cpp
[ 171/1222] Compiling libraries/AP_Compass/AP_Compass_SITL.cpp
[ 172/1222] Compiling libraries/AP_Compass/AP_Compass_QMC5883L.cpp
[ 173/1222] Compiling libraries/AP_Compass/AP_Compass_MAG3110.cpp
[ 174/1222] Compiling libraries/AP_Compass/AP_Compass_RM3100.cpp
[ 175/1222] Compiling libraries/AP_Compass/AP_Compass_MSP.cpp
[ 176/1222] Compiling libraries/AP_Compass/AP_Compass_MMC3416.cpp
[ 177/1222] Compiling libraries/AP_Compass/AP_Compass_MMC5xx3.cpp
[ 178/1222] Compiling libraries/AP_Compass/AP_Compass_IST8308.cpp
[ 179/1222] Compiling libraries/AP_Compass/AP_Compass_AK09916.cpp
[ 180/1222] Compiling libraries/AP_Compass/AP_Compass.cpp
[ 181/1222] Compiling libraries/AP_Compass/AP_Compass_Calibration.cpp
[ 182/1222] Compiling libraries/AP_Compass/AP_Compass_LSM303D.cpp
[ 183/1222] Compiling libraries/AP_Compass/AP_Compass_IST8310.cpp
[ 184/1222] Compiling libraries/AP_Compass/AP_Compass_LIS3MDL.cpp
[ 185/1222] Compiling libraries/AP_Compass/AP_Compass_IIS2MDC.cpp
[ 186/1222] Compiling libraries/AP_Compass/AP_Compass_ExternalAHRS.cpp
[ 187/1222] Compiling libraries/AP_Compass/AP_Compass_DroneCAN.cpp
[ 188/1222] Compiling libraries/AP_Compass/Compass_PerMotor.cpp
[ 189/1222] Compiling libraries/AP_CustomRotations/AP_CustomRotations.cpp
[ 190/1222] Compiling libraries/AP_CustomRotations/AP_CustomRotations_params.cpp
[ 191/1222] Compiling libraries/AP_DAL/AP_DAL_Compass.cpp
[ 192/1222] Compiling libraries/AP_DAL/AP_DAL_Airspeed.cpp
[ 193/1222] Compiling libraries/AP_DAL/AP_DAL_Baro.cpp
[ 194/1222] Compiling libraries/AP_DAL/AP_DAL_GPS.cpp
[ 195/1222] Compiling libraries/AP_DAL/AP_DAL_InertialSensor.cpp
[ 196/1222] Compiling libraries/AP_Declination/AP_Declination.cpp
[ 197/1222] Compiling libraries/AP_Declination/tables.cpp
[ 198/1222] Compiling libraries/AP_Devo_Telem/AP_Devo_Telem.cpp
[ 199/1222] Compiling libraries/AP_DroneCAN/AP_DroneCAN_DNA_Server.cpp
[ 200/1222] Compiling libraries/AP_DroneCAN/AP_DroneCAN_serial.cpp
[ 201/1222] Compiling libraries/AP_DroneCAN/AP_DroneCAN.cpp
[ 202/1222] Compiling libraries/AP_DroneCAN/AP_Canard_iface.cpp
[ 203/1222] Compiling libraries/AP_EFI/AP_EFI_NWPMU.cpp
[ 204/1222] Compiling libraries/AP_EFI/AP_EFI_ThrottleLinearisation.cpp
[ 205/1222] Compiling libraries/AP_EFI/AP_EFI_Scripting.cpp
[ 206/1222] Compiling libraries/AP_EFI/AP_EFI_Serial_MS.cpp
[ 207/1222] Compiling libraries/AP_EFI/AP_EFI_Serial_Hirth.cpp
[ 208/1222] Compiling libraries/AP_EFI/AP_EFI_Serial_Lutan.cpp
[ 209/1222] Compiling libraries/AP_EFI/AP_EFI_DroneCAN.cpp
[ 210/1222] Compiling libraries/AP_EFI/AP_EFI_MAV.cpp
[ 211/1222] Compiling libraries/AP_EFI/AP_EFI_Currawong_ECU.cpp
[ 212/1222] Compiling libraries/AP_EFI/AP_EFI.cpp
[ 213/1222] Compiling libraries/AP_EFI/AP_EFI_Backend.cpp
[ 214/1222] Compiling libraries/AP_ESC_Telem/AP_ESC_Telem_SITL.cpp
[ 215/1222] Compiling libraries/AP_ESC_Telem/AP_ESC_Telem.cpp
[ 216/1222] Compiling libraries/AP_ExternalAHRS/AP_ExternalAHRS_MicroStrain7.cpp
[ 217/1222] Compiling libraries/AP_ExternalAHRS/AP_ExternalAHRS.cpp
[ 218/1222] Compiling libraries/AP_ExternalAHRS/AP_ExternalAHRS_MicroStrain5.cpp
[ 219/1222] Compiling libraries/AP_ExternalAHRS/AP_ExternalAHRS_VectorNav.cpp
[ 220/1222] Compiling libraries/AP_ExternalAHRS/AP_ExternalAHRS_backend.cpp
[ 221/1222] Compiling libraries/AP_ExternalAHRS/MicroStrain_common.cpp
[ 222/1222] Compiling libraries/AP_ExternalControl/AP_ExternalControl.cpp
[ 223/1222] Compiling libraries/AP_FETtecOneWire/AP_FETtecOneWire.cpp
[ 224/1222] Compiling libraries/AP_Filesystem/AP_Filesystem_FATFS.cpp
[ 225/1222] Compiling libraries/AP_Filesystem/AP_Filesystem_ROMFS.cpp
[ 226/1222] Compiling libraries/AP_Filesystem/posix_compat.cpp
[ 227/1222] Compiling libraries/AP_Filesystem/AP_Filesystem_Mission.cpp
[ 228/1222] Compiling libraries/AP_Filesystem/AP_Filesystem_ESP32.cpp
[ 229/1222] Compiling libraries/AP_Filesystem/AP_Filesystem.cpp
[ 230/1222] Compiling libraries/AP_Filesystem/AP_Filesystem_Param.cpp
[ 231/1222] Compiling libraries/AP_Filesystem/AP_Filesystem_backend.cpp
[ 232/1222] Compiling libraries/AP_Filesystem/AP_Filesystem_Sys.cpp
[ 233/1222] Compiling libraries/AP_FlashStorage/AP_FlashStorage.cpp
[ 234/1222] Compiling libraries/AP_Frsky_Telem/AP_Frsky_Telem.cpp
[ 235/1222] Compiling libraries/AP_Frsky_Telem/AP_Frsky_MAVlite_Message.cpp
[ 236/1222] Compiling libraries/AP_Frsky_Telem/AP_Frsky_SPort.cpp
[ 237/1222] Compiling libraries/AP_Frsky_Telem/AP_Frsky_MAVlite_SPortToMAVlite.cpp
[ 238/1222] Compiling libraries/AP_Frsky_Telem/AP_Frsky_Parameters.cpp
[ 239/1222] Compiling libraries/AP_Frsky_Telem/AP_Frsky_Backend.cpp
[ 240/1222] Compiling libraries/AP_Frsky_Telem/AP_Frsky_MAVlite_MAVliteToSPort.cpp
[ 241/1222] Compiling libraries/AP_Frsky_Telem/AP_Frsky_MAVliteMsgHandler.cpp
[ 242/1222] Compiling libraries/AP_Frsky_Telem/AP_Frsky_D.cpp
[ 243/1222] Compiling libraries/AP_GPS/AP_GPS_NMEA.cpp
[ 244/1222] Compiling libraries/AP_GPS/AP_GPS_GSOF.cpp
[ 245/1222] Compiling libraries/AP_GPS/AP_GPS_DroneCAN.cpp
[ 246/1222] Compiling libraries/AP_GPS/AP_GPS_NOVA.cpp
[ 247/1222] Compiling libraries/AP_GPS/AP_GPS_SITL.cpp
[ 248/1222] Compiling libraries/AP_GPS/AP_GPS_MSP.cpp
[ 249/1222] Compiling libraries/AP_GPS/AP_GPS_MAV.cpp
[ 250/1222] Compiling libraries/AP_GPS/AP_GPS_SBF.cpp
[ 251/1222] Compiling libraries/AP_GPS/AP_GPS_ERB.cpp
[ 252/1222] Compiling libraries/AP_GPS/MovingBase.cpp
[ 253/1222] Compiling libraries/AP_GPS/AP_GPS_Params.cpp
[ 254/1222] Compiling libraries/AP_GPS/RTCM3_Parser.cpp
[ 255/1222] Compiling libraries/AP_GPS/AP_GPS_ExternalAHRS.cpp
[ 256/1222] Compiling libraries/AP_GPS/AP_GPS_SIRF.cpp
[ 257/1222] Compiling libraries/AP_GPS/AP_GPS_SBP.cpp
[ 258/1222] Compiling libraries/AP_GPS/AP_GPS.cpp
[ 259/1222] Compiling libraries/AP_GPS/GPS_Backend.cpp
[ 260/1222] Compiling libraries/AP_GPS/AP_GPS_SBP2.cpp
[ 261/1222] Compiling libraries/AP_GPS/AP_GPS_Blended.cpp
[ 262/1222] Compiling libraries/AP_GPS/AP_GPS_UBLOX.cpp
[ 263/1222] Compiling libraries/AP_GSOF/AP_GSOF.cpp
[ 264/1222] Compiling libraries/AP_Generator/AP_Generator_IE_650_800.cpp
[ 265/1222] Compiling libraries/AP_Generator/AP_Generator_IE_2400.cpp
[ 266/1222] Compiling libraries/AP_Generator/AP_Generator_IE_FuelCell.cpp
[ 267/1222] Compiling libraries/AP_Generator/AP_Generator_Backend.cpp
[ 268/1222] Compiling libraries/AP_Generator/AP_Generator_RichenPower.cpp
[ 269/1222] Compiling libraries/AP_Generator/AP_Generator.cpp
[ 270/1222] Compiling libraries/AP_Gripper/AP_Gripper.cpp
[ 271/1222] Compiling libraries/AP_Gripper/AP_Gripper_EPM.cpp
[ 272/1222] Compiling libraries/AP_Gripper/AP_Gripper_Backend.cpp
[ 273/1222] Compiling libraries/AP_Gripper/AP_Gripper_Servo.cpp
[ 274/1222] Compiling libraries/AP_Hott_Telem/AP_Hott_Telem.cpp
[ 275/1222] Compiling libraries/AP_ICEngine/AP_ICEngine.cpp
[ 276/1222] Compiling libraries/AP_ICEngine/AP_ICEngine_TCA9554.cpp
[ 277/1222] Compiling libraries/AP_IOMCU/AP_IOMCU.cpp
[ 278/1222] Compiling libraries/AP_IOMCU/fw_uploader.cpp
[ 279/1222] Compiling libraries/AP_IRLock/AP_IRLock_I2C.cpp
[ 280/1222] Compiling libraries/AP_IRLock/IRLock.cpp
[ 281/1222] Compiling libraries/AP_IRLock/AP_IRLock_SITL.cpp
[ 282/1222] Compiling libraries/AP_IRLock/AP_IRLock_SITL_Gazebo.cpp
[ 283/1222] Compiling libraries/AP_InertialNav/AP_InertialNav.cpp
[ 284/1222] Compiling libraries/AP_InertialSensor/AP_InertialSensor_RST.cpp
[ 285/1222] Compiling libraries/AP_InertialSensor/AP_InertialSensor_Backend.cpp
[ 286/1222] Compiling libraries/AP_InertialSensor/AP_InertialSensor_BMI055.cpp
[ 287/1222] Compiling libraries/AP_InertialSensor/AP_InertialSensor_ADIS1647x.cpp
[ 288/1222] Compiling libraries/AP_InertialSensor/AP_InertialSensor_LSM9DS0.cpp
[ 289/1222] Compiling libraries/AP_InertialSensor/AP_InertialSensor_ExternalAHRS.cpp
[ 290/1222] Compiling libraries/AP_InertialSensor/AP_InertialSensor_Invensense.cpp
[ 291/1222] Compiling libraries/AP_InertialSensor/AP_InertialSensor_L3G4200D.cpp
[ 292/1222] Compiling libraries/AP_InertialSensor/AP_InertialSensor_Invensensev2.cpp
[ 293/1222] Compiling libraries/AP_InertialSensor/AP_InertialSensor_Invensensev3.cpp
[ 294/1222] Compiling libraries/AP_InertialSensor/FastRateBuffer.cpp
[ 295/1222] Compiling libraries/AP_InertialSensor/AP_InertialSensor_BMI160.cpp
[ 296/1222] Compiling libraries/AP_InertialSensor/AP_InertialSensor_Logging.cpp
[ 297/1222] Compiling libraries/AP_InertialSensor/BatchSampler.cpp
[ 298/1222] Compiling libraries/AP_InertialSensor/AP_InertialSensor_BMI270.cpp
[ 299/1222] Compiling libraries/AP_InertialSensor/AP_InertialSensor_LSM9DS1.cpp
[ 300/1222] Compiling libraries/AP_InertialSensor/AuxiliaryBus.cpp
[ 301/1222] Compiling libraries/AP_InertialSensor/AP_InertialSensor_NONE.cpp
[ 302/1222] Compiling libraries/AP_InertialSensor/AP_InertialSensor_BMI088.cpp
[ 303/1222] Compiling libraries/AP_InertialSensor/AP_InertialSensor_SITL.cpp
[ 304/1222] Compiling libraries/AP_InertialSensor/AP_InertialSensor_SCHA63T.cpp
[ 305/1222] Compiling libraries/AP_InertialSensor/AP_InertialSensor_Params.cpp
[ 306/1222] Compiling libraries/AP_InertialSensor/AP_InertialSensor_tempcal.cpp
[ 307/1222] Compiling libraries/AP_InternalError/AP_InternalError.cpp
[ 308/1222] Compiling libraries/AP_JSON/AP_JSON.cpp
[ 309/1222] Compiling libraries/AP_KDECAN/AP_KDECAN.cpp
[ 310/1222] Compiling libraries/AP_LTM_Telem/AP_LTM_Telem.cpp
[ 311/1222] Compiling libraries/AP_Logger/AP_Logger_W25NXX.cpp
[ 312/1222] Compiling libraries/AP_Logger/AP_Logger_Block.cpp
[ 313/1222] Compiling libraries/AP_Logger/AP_Logger_Flash_JEDEC.cpp
[ 314/1222] Compiling libraries/AP_Logger/LogFile.cpp
[ 315/1222] Compiling libraries/AP_Logger/AP_Logger_MAVLinkLogTransfer.cpp
[ 316/1222] Compiling libraries/AP_Logger/AP_Logger_MAVLink.cpp
[ 317/1222] Compiling libraries/AP_MSP/AP_MSP.cpp
[ 318/1222] Compiling libraries/AP_MSP/msp_sbuf.cpp
[ 319/1222] Compiling libraries/AP_MSP/AP_MSP_Telem_DJI.cpp
[ 320/1222] Compiling libraries/AP_MSP/AP_MSP_Telem_Generic.cpp
[ 321/1222] Compiling libraries/AP_MSP/msp.cpp
[ 322/1222] Compiling libraries/AP_MSP/AP_MSP_Telem_Backend.cpp
[ 323/1222] Compiling libraries/AP_MSP/AP_MSP_Telem_DisplayPort.cpp
[ 324/1222] Compiling libraries/AP_Math/AP_Math.cpp
[ 325/1222] Compiling libraries/AP_Math/AP_GeodesicGrid.cpp
[ 326/1222] Compiling libraries/AP_Math/control.cpp
[ 327/1222] Compiling libraries/AP_Math/SplineCurve.cpp
[ 328/1222] Compiling libraries/AP_Math/vector3.cpp
[ 329/1222] Compiling libraries/AP_Math/chirp.cpp
[ 330/1222] Compiling libraries/AP_Math/polyfit.cpp
[ 331/1222] Compiling libraries/AP_Math/spline5.cpp
[ 332/1222] Compiling libraries/AP_Math/polygon.cpp
[ 333/1222] Compiling libraries/AP_Math/quaternion.cpp
[ 334/1222] Compiling libraries/AP_Math/matrix_alg.cpp
[ 335/1222] Compiling libraries/AP_Math/matrix3.cpp
[ 336/1222] Compiling libraries/AP_Math/crc.cpp
[ 337/1222] Compiling libraries/AP_Math/matrixN.cpp
[ 338/1222] Compiling libraries/AP_Math/location_double.cpp
[ 339/1222] Compiling libraries/AP_Math/location.cpp
[ 340/1222] Compiling libraries/AP_Math/vector2.cpp
[ 341/1222] Compiling libraries/AP_Mission/AP_Mission_Commands.cpp
[ 342/1222] Compiling libraries/AP_Mission/AP_Mission_ChangeDetector.cpp
[ 343/1222] Compiling libraries/AP_Module/AP_Module.cpp
[ 344/1222] Compiling libraries/AP_Motors/AP_MotorsHeli.cpp
[ 345/1222] Compiling libraries/AP_Motors/AP_MotorsMatrix_6DoF_Scripting.cpp
[ 346/1222] Compiling libraries/AP_Motors/AP_MotorsTailsitter.cpp
[ 347/1222] Compiling libraries/AP_Motors/AP_Motors6DOF.cpp
[ 348/1222] Compiling libraries/AP_Motors/AP_MotorsCoax.cpp
[ 349/1222] Compiling libraries/AP_Motors/AP_MotorsHeli_Swash.cpp
[ 350/1222] Compiling libraries/AP_Motors/AP_MotorsHeli_Dual.cpp
[ 351/1222] Compiling libraries/AP_Motors/AP_Motors_Class.cpp
[ 352/1222] Compiling libraries/AP_Motors/AP_MotorsHeli_Single.cpp
[ 353/1222] Compiling libraries/AP_Motors/AP_MotorsMatrix_Scripting_Dynamic.cpp
[ 354/1222] Compiling libraries/AP_Motors/AP_MotorsHeli_RSC.cpp
[ 355/1222] Compiling libraries/AP_Motors/AP_MotorsSingle.cpp
[ 356/1222] Compiling libraries/AP_Motors/AP_MotorsHeli_Quad.cpp
[ 357/1222] Compiling libraries/AP_Mount/SoloGimbalEKF.cpp
[ 358/1222] Compiling libraries/AP_Mount/AP_Mount_Alexmos.cpp
[ 359/1222] Compiling libraries/AP_Mount/AP_Mount_Backend_Serial.cpp
[ 360/1222] Compiling libraries/AP_Mount/AP_Mount_Backend.cpp
[ 361/1222] Compiling libraries/AP_Mount/AP_Mount.cpp
[ 362/1222] Compiling libraries/AP_Mount/SoloGimbal_Parameters.cpp
[ 363/1222] Compiling libraries/AP_Mount/AP_Mount_SoloGimbal.cpp
[ 364/1222] Compiling libraries/AP_Mount/AP_Mount_CADDX.cpp
[ 365/1222] Compiling libraries/AP_Mount/SoloGimbal.cpp
[ 366/1222] Compiling libraries/AP_Mount/AP_Mount_Xacti.cpp
[ 367/1222] Compiling libraries/AP_Mount/AP_Mount_SToRM32.cpp
[ 368/1222] Compiling libraries/AP_Mount/AP_Mount_Topotek.cpp
[ 369/1222] Compiling libraries/AP_Mount/AP_Mount_Siyi.cpp
[ 370/1222] Compiling libraries/AP_Mount/AP_Mount_Scripting.cpp
[ 371/1222] Compiling libraries/AP_Mount/AP_Mount_Gremsy.cpp
[ 372/1222] Compiling libraries/AP_Mount/AP_Mount_Servo.cpp
[ 373/1222] Compiling libraries/AP_Mount/AP_Mount_SToRM32_serial.cpp
[ 374/1222] Compiling libraries/AP_Mount/AP_Mount_Params.cpp
[ 375/1222] Compiling libraries/AP_Mount/AP_Mount_Viewpro.cpp
[ 376/1222] Compiling libraries/AP_MultiHeap/AP_MultiHeap.cpp
[ 377/1222] Compiling libraries/AP_MultiHeap/MultiHeap_malloc.cpp
[ 378/1222] Compiling libraries/AP_MultiHeap/MultiHeap_chibios.cpp
[ 379/1222] Compiling libraries/AP_NMEA_Output/AP_NMEA_Output.cpp
[ 380/1222] Compiling libraries/AP_NavEKF/EKF_Buffer.cpp
[ 381/1222] Compiling libraries/AP_NavEKF/EKFGSF_yaw.cpp
[ 382/1222] Compiling libraries/AP_NavEKF/AP_NavEKF_core_common.cpp
[ 383/1222] Compiling libraries/AP_NavEKF/EKFGSF_Logging.cpp
[ 384/1222] Compiling libraries/AP_NavEKF/AP_NavEKF_Source.cpp
[ 385/1222] Compiling libraries/AP_NavEKF2/AP_NavEKF2_VehicleStatus.cpp
[ 386/1222] Compiling libraries/AP_NavEKF2/AP_NavEKF2_Measurements.cpp
[ 387/1222] Compiling libraries/AP_NavEKF2/AP_NavEKF_GyroBias.cpp
[ 388/1222] Compiling libraries/AP_NavEKF2/AP_NavEKF2_PosVelFusion.cpp
[ 389/1222] Compiling libraries/AP_NavEKF2/AP_NavEKF2_Logging.cpp
[ 390/1222] Compiling libraries/AP_NavEKF2/AP_NavEKF2_RngBcnFusion.cpp
[ 391/1222] Compiling libraries/AP_NavEKF2/AP_NavEKF2_MagFusion.cpp
[ 392/1222] Compiling libraries/AP_NavEKF2/AP_NavEKF2_core.cpp
[ 393/1222] Compiling libraries/AP_NavEKF2/AP_NavEKF2_Control.cpp
[ 394/1222] Compiling libraries/AP_NavEKF2/AP_NavEKF2_AirDataFusion.cpp
[ 395/1222] Compiling libraries/AP_NavEKF2/AP_NavEKF2_Outputs.cpp
[ 396/1222] Compiling modules/lwip/src/netif/ppp/multilink.c
[ 397/1222] Compiling modules/lwip/src/netif/ppp/eap.c
[ 398/1222] Compiling modules/lwip/src/netif/ppp/fsm.c
[ 399/1222] Compiling modules/lwip/src/netif/ppp/auth.c
[ 400/1222] Compiling modules/lwip/src/netif/lowpan6.c
[ 401/1222] Compiling modules/lwip/src/netif/ethernet.c
[ 402/1222] Compiling modules/lwip/src/netif/bridgeif_fdb.c
[ 403/1222] Compiling modules/lwip/src/netif/bridgeif.c
[ 404/1222] Compiling modules/lwip/src/api/tcpip.c
[ 405/1222] Compiling modules/lwip/src/api/sockets.c
[ 406/1222] Compiling modules/lwip/src/api/netifapi.c
[ 407/1222] Compiling modules/lwip/src/api/netdb.c
[ 408/1222] Compiling modules/lwip/src/api/netbuf.c
[ 409/1222] Compiling modules/lwip/src/api/if_api.c
[ 410/1222] Compiling modules/lwip/src/api/err.c
[ 411/1222] Compiling modules/lwip/src/api/api_msg.c
[ 412/1222] Compiling modules/lwip/src/api/api_lib.c
[ 413/1222] Compiling modules/lwip/src/core/ipv4/ip4_frag.c
[ 414/1222] Compiling modules/lwip/src/core/ipv4/ip4_addr.c
[ 415/1222] Compiling modules/lwip/src/core/ipv4/ip4.c
[ 416/1222] Compiling modules/lwip/src/core/ipv4/igmp.c
[ 417/1222] Compiling modules/lwip/src/core/ipv4/icmp.c
[ 418/1222] Compiling modules/lwip/src/core/ipv4/etharp.c
[ 419/1222] Compiling modules/lwip/src/core/ipv4/dhcp.c
[ 420/1222] Compiling modules/lwip/src/netif/ppp/chap-md5.c
[ 421/1222] Compiling modules/lwip/src/core/ipv4/autoip.c
[ 422/1222] Compiling modules/lwip/src/core/udp.c
[ 423/1222] Compiling modules/lwip/src/core/timeouts.c
[ 424/1222] Compiling modules/lwip/src/core/tcp_out.c
[ 425/1222] Compiling modules/lwip/src/core/tcp_in.c
[ 426/1222] Compiling modules/lwip/src/core/tcp.c
[ 427/1222] Compiling modules/lwip/src/core/sys.c
[ 428/1222] Compiling modules/lwip/src/core/stats.c
[ 429/1222] Compiling modules/lwip/src/core/raw.c
[ 430/1222] Compiling modules/lwip/src/core/pbuf.c
[ 431/1222] Compiling modules/lwip/src/core/netif.c
[ 432/1222] Compiling modules/lwip/src/core/memp.c
[ 433/1222] Compiling modules/lwip/src/core/mem.c
[ 434/1222] Compiling modules/lwip/src/core/ip.c
[ 435/1222] Compiling modules/lwip/src/core/init.c
[ 436/1222] Compiling modules/lwip/src/core/inet_chksum.c
[ 437/1222] Compiling modules/lwip/src/core/dns.c
[ 438/1222] Compiling modules/lwip/src/core/def.c
[ 439/1222] Compiling modules/lwip/src/core/altcp_tcp.c
[ 440/1222] Compiling modules/lwip/src/core/altcp_alloc.c
[ 441/1222] Compiling modules/lwip/src/core/ipv4/acd.c
[ 442/1222] Compiling libraries/AP_Networking/AP_Networking_tests.cpp
[ 443/1222] Compiling libraries/AP_Networking/AP_Networking_port.cpp
[ 444/1222] Compiling modules/lwip/src/core/altcp.c
[ 445/1222] Compiling libraries/AP_Networking/AP_Networking_address.cpp
[ 446/1222] Compiling libraries/AP_Networking/AP_Networking_PPP.cpp
[ 447/1222] Compiling libraries/AP_Networking/AP_Networking_macaddr.cpp
[ 448/1222] Compiling libraries/AP_Networking/AP_Networking_CAN.cpp
[ 449/1222] Compiling libraries/AP_Networking/AP_Networking_ChibiOS.cpp
[ 450/1222] Compiling modules/lwip/src/netif/ppp/eui64.c
[ 451/1222] Compiling libraries/AP_Networking/AP_Networking.cpp
[ 452/1222] Compiling modules/lwip/src/netif/ppp/demand.c
[ 453/1222] Compiling modules/lwip/src/netif/ppp/chap-new.c
[ 454/1222] Compiling modules/lwip/src/netif/ppp/chap_ms.c
[ 455/1222] Compiling modules/lwip/src/netif/ppp/mppe.c
[ 456/1222] Compiling modules/lwip/src/netif/ppp/pppoe.c
[ 457/1222] Compiling modules/lwip/src/netif/ppp/ccp.c
[ 458/1222] Compiling modules/lwip/src/netif/ppp/magic.c
[ 459/1222] Compiling modules/lwip/src/netif/ppp/lcp.c
[ 460/1222] Compiling modules/lwip/src/netif/ppp/ipcp.c
[ 461/1222] Compiling modules/lwip/src/netif/ppp/ipv6cp.c
[ 462/1222] Compiling modules/lwip/src/netif/ppp/vj.c
[ 463/1222] Compiling modules/lwip/src/netif/ppp/ecp.c
[ 464/1222] Compiling modules/lwip/src/netif/lowpan6_common.c
[ 465/1222] Compiling modules/lwip/src/netif/lowpan6_ble.c
[ 466/1222] Compiling modules/lwip/src/netif/ppp/ppp.c
[ 467/1222] Compiling libraries/AP_Networking/lwip_hal/arch/sys_arch.cpp
[ 468/1222] Compiling modules/lwip/src/netif/slipif.c
[ 469/1222] Compiling modules/lwip/src/netif/zepif.c
[ 470/1222] Compiling modules/lwip/src/netif/ppp/utils.c
[ 471/1222] Compiling modules/lwip/src/netif/ppp/pppos.c
[ 472/1222] Compiling modules/lwip/src/netif/ppp/pppapi.c
[ 473/1222] Compiling modules/lwip/src/netif/ppp/upap.c
[ 474/1222] Compiling modules/lwip/src/netif/ppp/pppol2tp.c
[ 475/1222] Compiling modules/lwip/src/netif/ppp/pppcrypt.c
[ 476/1222] Compiling libraries/AP_Networking/lwip_hal/arch/evtimer.c
[ 477/1222] Compiling libraries/AP_Notify/ToshibaLED_I2C.cpp
[ 478/1222] Compiling libraries/AP_Notify/SerialLED.cpp
[ 479/1222] Compiling libraries/AP_Notify/ProfiLED.cpp
[ 480/1222] Compiling libraries/AP_Notify/MMLPlayer.cpp
[ 481/1222] Compiling libraries/AP_Notify/AP_BoardLED2.cpp
[ 482/1222] Compiling libraries/AP_Notify/AP_BoardLED.cpp
[ 483/1222] Compiling libraries/AP_Notify/VRBoard_LED.cpp
[ 484/1222] Compiling libraries/AP_Notify/ScriptingLED.cpp
[ 485/1222] Compiling libraries/AP_Notify/SITL_SFML_LED.cpp
[ 486/1222] Compiling libraries/AP_Notify/RGBLed.cpp
[ 487/1222] Compiling libraries/AP_Notify/RCOutputRGBLed.cpp
[ 488/1222] Compiling libraries/AP_Notify/PixRacerLED.cpp
[ 489/1222] Compiling libraries/AP_Notify/NCP5623.cpp
[ 490/1222] Compiling libraries/AP_Notify/PCA9685LED_I2C.cpp
[ 491/1222] Compiling libraries/AP_Notify/DiscoLED.cpp
[ 492/1222] Compiling libraries/AP_Notify/OreoLED_I2C.cpp
[ 493/1222] Compiling libraries/AP_Notify/NavigatorLED.cpp
[ 494/1222] Compiling libraries/AP_Notify/NeoPixel.cpp
[ 495/1222] Compiling libraries/AP_Notify/IS31FL3195.cpp
[ 496/1222] Compiling libraries/AP_Notify/Led_Sysfs.cpp
[ 497/1222] Compiling libraries/AP_Notify/Display_SSD1306_I2C.cpp
[ 498/1222] Compiling libraries/AP_Notify/AP_Notify.cpp
[ 499/1222] Compiling libraries/AP_Notify/LP5562.cpp
[ 500/1222] Compiling libraries/AP_Notify/GPIO_LED_1.cpp
[ 501/1222] Compiling libraries/AP_Notify/DroneCAN_RGB_LED.cpp
[ 502/1222] Compiling libraries/AP_Notify/ToneAlarm.cpp
[ 503/1222] Compiling libraries/AP_Notify/Display_SITL.cpp
[ 504/1222] Compiling libraries/AP_Notify/Display.cpp
[ 505/1222] Compiling libraries/AP_Notify/Buzzer.cpp
[ 506/1222] Compiling libraries/AP_Notify/ExternalLED.cpp
[ 507/1222] Compiling libraries/AP_Notify/Display_SH1106_I2C.cpp
[ 508/1222] Compiling libraries/AP_Notify/DShotLED.cpp
[ 509/1222] Compiling libraries/AP_Notify/DiscreteRGBLed.cpp
[ 510/1222] Compiling libraries/AP_OLC/AP_OLC.cpp
[ 511/1222] Compiling libraries/AP_OSD/AP_OSD_Setting.cpp
[ 512/1222] Compiling libraries/AP_OSD/AP_OSD_Backend.cpp
[ 513/1222] Compiling libraries/AP_OSD/AP_OSD_SITL.cpp
[ 514/1222] Compiling libraries/AP_OSD/AP_OSD_MSP_DisplayPort.cpp
[ 515/1222] Compiling libraries/AP_OSD/AP_OSD_MAX7456.cpp
[ 516/1222] Compiling libraries/AP_OSD/AP_OSD_MSP.cpp
[ 517/1222] Compiling libraries/AP_OSD/AP_OSD.cpp
[ 518/1222] Compiling libraries/AP_OpenDroneID/AP_OpenDroneID_DroneCAN.cpp
[ 519/1222] Compiling libraries/AP_OpenDroneID/AP_OpenDroneID.cpp
[ 520/1222] Compiling libraries/AP_OpticalFlow/AP_OpticalFlow_Pixart.cpp
[ 521/1222] Compiling libraries/AP_OpticalFlow/AP_OpticalFlow_SITL.cpp
[ 522/1222] Compiling libraries/AP_OpticalFlow/AP_OpticalFlow_CXOF.cpp
[ 523/1222] Compiling libraries/AP_OpticalFlow/AP_OpticalFlow_Backend.cpp
[ 524/1222] Compiling libraries/AP_OpticalFlow/AP_OpticalFlow_UPFLOW.cpp
[ 525/1222] Compiling libraries/AP_OpticalFlow/AP_OpticalFlow.cpp
[ 526/1222] Compiling libraries/AP_OpticalFlow/AP_OpticalFlow_PX4Flow.cpp
[ 527/1222] Compiling libraries/AP_OpticalFlow/AP_OpticalFlow_MSP.cpp
[ 528/1222] Compiling libraries/AP_OpticalFlow/AP_OpticalFlow_Onboard.cpp
[ 529/1222] Compiling libraries/AP_OpticalFlow/AP_OpticalFlow_MAV.cpp
[ 530/1222] Compiling libraries/AP_OpticalFlow/AP_OpticalFlow_Calibrator.cpp
[ 531/1222] Compiling libraries/AP_OpticalFlow/AP_OpticalFlow_HereFlow.cpp
[ 532/1222] Compiling libraries/AP_Parachute/AP_Parachute.cpp
[ 533/1222] Compiling libraries/AP_Param/AP_ParamT.cpp
[ 534/1222] Compiling libraries/AP_Param/AP_Param.cpp
[ 535/1222] Compiling libraries/AP_PiccoloCAN/AP_PiccoloCAN.cpp
[ 536/1222] Compiling libraries/AP_PiccoloCAN/AP_PiccoloCAN_Servo.cpp
[ 537/1222] Compiling libraries/AP_PiccoloCAN/AP_PiccoloCAN_ESC.cpp
[ 538/1222] Compiling libraries/AP_PiccoloCAN/AP_PiccoloCAN_ECU.cpp
[ 539/1222] Compiling libraries/AP_Proximity/AP_Proximity_SITL.cpp
[ 540/1222] Compiling libraries/AP_Proximity/AP_Proximity_LightWareSerial.cpp
[ 541/1222] Compiling libraries/AP_Proximity/AP_Proximity_Backend.cpp
[ 542/1222] Compiling libraries/AP_Proximity/AP_Proximity_Scripting.cpp
[ 543/1222] Compiling libraries/AP_Proximity/AP_Proximity_RangeFinder.cpp
[ 544/1222] Compiling libraries/AP_Proximity/AP_Proximity_Params.cpp
[ 545/1222] Compiling libraries/AP_Proximity/AP_Proximity_RPLidarA2.cpp
[ 546/1222] Compiling libraries/AP_Proximity/AP_Proximity_MAV.cpp
[ 547/1222] Compiling libraries/AP_Proximity/AP_Proximity_LD06.cpp
[ 548/1222] Compiling libraries/AP_Proximity/AP_Proximity_Backend_Serial.cpp
[ 549/1222] Compiling libraries/AP_Proximity/AP_Proximity_LightWareSF45B.cpp
[ 550/1222] Compiling libraries/AP_Proximity/AP_Proximity_DroneCAN.cpp
[ 551/1222] Compiling libraries/AP_Proximity/AP_Proximity_Cygbot_D1.cpp
[ 552/1222] Compiling libraries/AP_Proximity/AP_Proximity_MR72_CAN.cpp
[ 553/1222] Compiling libraries/AP_Proximity/AP_Proximity_Boundary_3D.cpp
[ 554/1222] Compiling libraries/AP_Proximity/AP_Proximity_LightWareSF40C.cpp
[ 555/1222] Compiling libraries/AP_Proximity/AP_Proximity.cpp
[ 556/1222] Compiling libraries/AP_Proximity/AP_Proximity_TeraRangerTower.cpp
[ 557/1222] Compiling libraries/AP_Proximity/AP_Proximity_TeraRangerTowerEvo.cpp
[ 558/1222] Compiling libraries/AP_Proximity/AP_Proximity_AirSimSITL.cpp
[ 559/1222] Compiling libraries/AP_RAMTRON/AP_RAMTRON.cpp
[ 560/1222] Compiling libraries/AP_RCMapper/AP_RCMapper.cpp
[ 561/1222] Compiling libraries/AP_RCProtocol/AP_RCProtocol_SRXL.cpp
[ 562/1222] Compiling libraries/AP_RCProtocol/AP_RCProtocol_IBUS.cpp
[ 563/1222] Compiling libraries/AP_RCProtocol/AP_RCProtocol_Backend.cpp
[ 564/1222] Compiling libraries/AP_RCProtocol/AP_RCProtocol_Joystick_SFML.cpp
[ 565/1222] Compiling libraries/AP_RCProtocol/AP_RCProtocol_FDM.cpp
[ 566/1222] Compiling libraries/AP_RCProtocol/AP_RCProtocol_DSM.cpp
[ 567/1222] Compiling libraries/AP_RCProtocol/AP_RCProtocol_DroneCAN.cpp
[ 568/1222] Compiling libraries/AP_RCProtocol/AP_RCProtocol_SBUS.cpp
[ 569/1222] Compiling libraries/AP_RCProtocol/spm_srxl.cpp
[ 570/1222] Compiling libraries/AP_RCProtocol/AP_RCProtocol_MAVLinkRadio.cpp
[ 571/1222] Compiling libraries/AP_RCProtocol/SoftSerial.cpp
[ 572/1222] Compiling libraries/AP_RCProtocol/AP_RCProtocol_ST24.cpp
[ 573/1222] Compiling libraries/AP_RCProtocol/AP_RCProtocol_PPMSum.cpp
[ 574/1222] Compiling libraries/AP_RCProtocol/AP_RCProtocol_SUMD.cpp
[ 575/1222] Compiling libraries/AP_RCProtocol/AP_RCProtocol_Radio.cpp
[ 576/1222] Compiling libraries/AP_RCTelemetry/AP_Spektrum_Telem.cpp
[ 577/1222] Compiling libraries/AP_RCTelemetry/AP_GHST_Telem.cpp
[ 578/1222] Compiling libraries/AP_ROMFS/tinflate.cpp
[ 579/1222] Compiling libraries/AP_ROMFS/AP_ROMFS.cpp
[ 580/1222] Compiling libraries/AP_RPM/RPM_Generator.cpp
[ 581/1222] Compiling libraries/AP_RPM/RPM_HarmonicNotch.cpp
[ 582/1222] Compiling libraries/AP_RPM/RPM_SITL.cpp
[ 583/1222] Compiling libraries/AP_RPM/RPM_Pin.cpp
[ 584/1222] Compiling libraries/AP_RPM/RPM_EFI.cpp
[ 585/1222] Compiling libraries/AP_RPM/AP_RPM.cpp
[ 586/1222] Compiling libraries/AP_RPM/RPM_ESC_Telem.cpp
[ 587/1222] Compiling libraries/AP_RPM/AP_RPM_Params.cpp
[ 588/1222] Compiling libraries/AP_RPM/RPM_Backend.cpp
[ 589/1222] Compiling libraries/AP_RPM/RPM_DroneCAN.cpp
[ 590/1222] Compiling libraries/AP_RSSI/AP_RSSI.cpp
[ 591/1222] Compiling libraries/AP_RTC/AP_RTC.cpp
[ 592/1222] Compiling libraries/AP_RTC/JitterCorrection.cpp
[ 593/1222] Compiling libraries/AP_Radio/AP_Radio_bk2425.cpp
[ 594/1222] Compiling libraries/AP_Radio/driver_cc2500.cpp
[ 595/1222] Compiling libraries/AP_Radio/driver_bk2425.cpp
[ 596/1222] Compiling libraries/AP_Radio/AP_Radio_cc2500.cpp
[ 597/1222] Compiling libraries/AP_Radio/AP_Radio_cypress.cpp
[ 598/1222] Compiling libraries/AP_Radio/AP_Radio.cpp
[ 599/1222] Compiling libraries/AP_Radio/AP_Radio_backend.cpp
[ 600/1222] Compiling libraries/AP_RangeFinder/AP_RangeFinder_SITL.cpp
[ 601/1222] Compiling libraries/AP_RangeFinder/AP_RangeFinder_Lua.cpp
[ 602/1222] Compiling libraries/AP_RangeFinder/AP_RangeFinder_LeddarOne.cpp
[ 603/1222] Compiling libraries/AP_RangeFinder/AP_RangeFinder_HC_SR04.cpp
[ 604/1222] Compiling libraries/AP_RangeFinder/AP_RangeFinder_GYUS42v2.cpp
[ 605/1222] Compiling libraries/AP_RangeFinder/AP_RangeFinder_BLPing.cpp
[ 606/1222] Compiling libraries/AP_RangeFinder/AP_RangeFinder_Benewake_TFMiniPlus.cpp
[ 607/1222] Compiling libraries/AP_RangeFinder/AP_RangeFinder_Benewake_CAN.cpp
[ 608/1222] Compiling libraries/AP_RangeFinder/AP_RangeFinder_Benewake.cpp
[ 609/1222] Compiling libraries/AP_RangeFinder/AP_RangeFinder_Backend_Serial.cpp
[ 610/1222] Compiling libraries/AP_RangeFinder/AP_RangeFinder_Backend_CAN.cpp
[ 611/1222] Compiling libraries/AP_RangeFinder/AP_RangeFinder_Backend.cpp
[ 612/1222] Compiling libraries/AP_RangeFinder/AP_RangeFinder_BBB_PRU.cpp
[ 613/1222] Compiling libraries/AP_RangeFinder/AP_RangeFinder_Ainstein_LR_D1.cpp
[ 614/1222] Compiling libraries/AP_RangeFinder/AP_RangeFinder_TeraRangerI2C.cpp
[ 615/1222] Compiling libraries/AP_RangeFinder/AP_RangeFinder.cpp
[ 616/1222] Compiling libraries/AP_RangeFinder/AP_RangeFinder_Params.cpp
[ 617/1222] Compiling libraries/AP_RangeFinder/AP_RangeFinder_Bebop.cpp
[ 618/1222] Compiling libraries/AP_RangeFinder/AP_RangeFinder_LeddarVu8.cpp
[ 619/1222] Compiling libraries/AP_RangeFinder/AP_RangeFinder_LightWareI2C.cpp
[ 620/1222] Compiling libraries/AP_RangeFinder/AP_RangeFinder_TOFSenseF_I2C.cpp
[ 621/1222] Compiling libraries/AP_RangeFinder/AP_RangeFinder_Lanbao.cpp
[ 622/1222] Compiling libraries/AP_RangeFinder/AP_RangeFinder_JRE_Serial.cpp
[ 623/1222] Compiling libraries/AP_RangeFinder/AP_RangeFinder_PulsedLightLRF.cpp
[ 624/1222] Compiling libraries/AP_RangeFinder/AP_RangeFinder_NoopLoop.cpp
[ 625/1222] Compiling libraries/AP_RangeFinder/AP_RangeFinder_MaxsonarI2CXL.cpp
[ 626/1222] Compiling libraries/AP_RangeFinder/AP_RangeFinder_RDS02UF.cpp
[ 627/1222] Compiling libraries/AP_RangeFinder/AP_RangeFinder_analog.cpp
[ 628/1222] Compiling libraries/AP_RangeFinder/AP_RangeFinder_NRA24_CAN.cpp
[ 629/1222] Compiling libraries/AP_RangeFinder/AP_RangeFinder_MSP.cpp
[ 630/1222] Compiling libraries/AP_RangeFinder/AP_RangeFinder_DroneCAN.cpp
[ 631/1222] Compiling libraries/AP_RangeFinder/AP_RangeFinder_LightWareSerial.cpp
[ 632/1222] Compiling libraries/AP_RangeFinder/AP_RangeFinder_MAVLink.cpp
[ 633/1222] Compiling libraries/AP_RangeFinder/AP_RangeFinder_Wasp.cpp
[ 634/1222] Compiling libraries/AP_RangeFinder/AP_RangeFinder_PWM.cpp
[ 635/1222] Compiling libraries/AP_RangeFinder/AP_RangeFinder_TOFSenseP_CAN.cpp
[ 636/1222] Compiling libraries/AP_RangeFinder/AP_RangeFinder_VL53L0X.cpp
[ 637/1222] Compiling libraries/AP_RangeFinder/AP_RangeFinder_TeraRanger_Serial.cpp
[ 638/1222] Compiling libraries/AP_RangeFinder/AP_RangeFinder_MaxsonarSerialLV.cpp
[ 639/1222] Compiling libraries/AP_RangeFinder/AP_RangeFinder_VL53L1X.cpp
[ 640/1222] Compiling libraries/AP_RangeFinder/AP_RangeFinder_USD1_CAN.cpp
[ 641/1222] Compiling libraries/AP_RangeFinder/AP_RangeFinder_NMEA.cpp
[ 642/1222] Compiling libraries/AP_RangeFinder/AP_RangeFinder_USD1_Serial.cpp
[ 643/1222] Compiling libraries/AP_Relay/AP_Relay_Params.cpp
[ 644/1222] Compiling libraries/AP_RobotisServo/AP_RobotisServo.cpp
[ 645/1222] Compiling libraries/AP_SBusOut/AP_SBusOut.cpp
[ 646/1222] Compiling libraries/AP_Scheduler/PerfInfo.cpp
[ 647/1222] Compiling libraries/AP_SerialLED/AP_SerialLED.cpp
[ 648/1222] Compiling libraries/AP_SerialManager/AP_SerialManager.cpp
[ 649/1222] Compiling libraries/AP_ServoRelayEvents/AP_ServoRelayEvents.cpp
[ 650/1222] Compiling libraries/AP_SmartRTL/AP_SmartRTL.cpp
[ 651/1222] Compiling libraries/AP_Stats/AP_Stats.cpp
[ 652/1222] Compiling libraries/AP_SurfaceDistance/AP_SurfaceDistance.cpp
[ 653/1222] Compiling libraries/AP_TempCalibration/AP_TempCalibration.cpp
[ 654/1222] Compiling libraries/AP_TemperatureSensor/AP_TemperatureSensor_MLX90614.cpp
[ 655/1222] Compiling libraries/AP_TemperatureSensor/AP_TemperatureSensor_Params.cpp
[ 656/1222] Compiling libraries/AP_TemperatureSensor/AP_TemperatureSensor_TSYS03.cpp
[ 657/1222] Compiling libraries/AP_TemperatureSensor/AP_TemperatureSensor_TSYS01.cpp
[ 658/1222] Compiling libraries/AP_TemperatureSensor/AP_TemperatureSensor_MCP9600.cpp
[ 659/1222] Compiling libraries/AP_TemperatureSensor/AP_TemperatureSensor_Analog.cpp
[ 660/1222] Compiling libraries/AP_TemperatureSensor/AP_TemperatureSensor_DroneCAN.cpp
[ 661/1222] Compiling libraries/AP_TemperatureSensor/AP_TemperatureSensor_MAX31865.cpp
[ 662/1222] Compiling libraries/AP_TemperatureSensor/AP_TemperatureSensor_Backend.cpp
[ 663/1222] Compiling libraries/AP_Terrain/TerrainIO.cpp
[ 664/1222] Compiling libraries/AP_Terrain/TerrainUtil.cpp
[ 665/1222] Compiling libraries/AP_Terrain/TerrainGCS.cpp
[ 666/1222] Compiling libraries/AP_Terrain/TerrainMission.cpp
[ 667/1222] Compiling libraries/AP_Torqeedo/AP_Torqeedo_Params.cpp
[ 668/1222] Compiling libraries/AP_Torqeedo/AP_Torqeedo.cpp
[ 669/1222] Compiling libraries/AP_Torqeedo/AP_Torqeedo_TQBus.cpp
[ 670/1222] Compiling libraries/AP_Torqeedo/AP_Torqeedo_Backend.cpp
[ 671/1222] Compiling libraries/AP_Tuning/AP_Tuning.cpp
[ 672/1222] Compiling libraries/AP_Vehicle/Parameters.cpp
[ 673/1222] Compiling libraries/AP_VideoTX/AP_SmartAudio.cpp
[ 674/1222] Compiling libraries/AP_VideoTX/AP_Tramp.cpp
[ 675/1222] Compiling libraries/AP_VideoTX/AP_VideoTX.cpp
[ 676/1222] Compiling libraries/AP_VisualOdom/AP_VisualOdom_IntelT265.cpp
[ 677/1222] Compiling libraries/AP_VisualOdom/AP_VisualOdom.cpp
[ 678/1222] Compiling libraries/AP_VisualOdom/AP_VisualOdom_Backend.cpp
[ 679/1222] Compiling libraries/AP_VisualOdom/AP_VisualOdom_Logging.cpp
[ 680/1222] Compiling libraries/AP_VisualOdom/AP_VisualOdom_MAV.cpp
[ 681/1222] Compiling libraries/AP_Volz_Protocol/AP_Volz_Protocol.cpp
[ 682/1222] Compiling libraries/AP_WheelEncoder/WheelEncoder_Backend.cpp
[ 683/1222] Compiling libraries/AP_WheelEncoder/WheelEncoder_Quadrature.cpp
[ 684/1222] Compiling libraries/AP_WheelEncoder/WheelEncoder_SITL_Quadrature.cpp
[ 685/1222] Compiling libraries/AP_WheelEncoder/AP_WheelEncoder.cpp
[ 686/1222] Compiling libraries/AP_WheelEncoder/AP_WheelRateControl.cpp
[ 687/1222] Compiling libraries/AP_Winch/AP_Winch_PWM.cpp
[ 688/1222] Compiling libraries/AP_Winch/AP_Winch_Backend.cpp
[ 689/1222] Compiling libraries/AP_Winch/AP_Winch.cpp
[ 690/1222] Compiling libraries/AP_Winch/AP_Winch_Daiwa.cpp
[ 691/1222] Compiling libraries/Filter/ModeFilter.cpp
[ 692/1222] Compiling libraries/Filter/SlewCalculator2D.cpp
[ 693/1222] Compiling libraries/Filter/SlewLimiter.cpp
[ 694/1222] Compiling libraries/Filter/AP_Filter.cpp
[ 695/1222] Compiling libraries/Filter/NotchFilter.cpp
[ 696/1222] Compiling libraries/Filter/LowPassFilter.cpp
[ 697/1222] Compiling libraries/Filter/AP_NotchFilter_params.cpp
[ 698/1222] Compiling libraries/Filter/DerivativeFilter.cpp
[ 699/1222] Compiling libraries/Filter/AP_Filter_params.cpp
[ 700/1222] Compiling libraries/Filter/HarmonicNotchFilter.cpp
[ 701/1222] Compiling libraries/Filter/LowPassFilter2p.cpp
[ 702/1222] Compiling libraries/GCS_MAVLink/MissionItemProtocol_Waypoints.cpp
[ 703/1222] Compiling libraries/GCS_MAVLink/MissionItemProtocol.cpp
[ 704/1222] Compiling libraries/GCS_MAVLink/GCS_MAVLink.cpp
[ 705/1222] Compiling libraries/GCS_MAVLink/MissionItemProtocol_Rally.cpp
[ 706/1222] Compiling libraries/GCS_MAVLink/GCS_serial_control.cpp
[ 707/1222] Compiling libraries/GCS_MAVLink/GCS_Signing.cpp
[ 708/1222] Compiling libraries/GCS_MAVLink/GCS_Rally.cpp
[ 709/1222] Compiling libraries/GCS_MAVLink/MissionItemProtocol_Fence.cpp
[ 710/1222] Compiling libraries/GCS_MAVLink/GCS_Param.cpp
[ 711/1222] Compiling libraries/GCS_MAVLink/GCS_FTP.cpp
[ 712/1222] Compiling libraries/GCS_MAVLink/GCS_DeviceOp.cpp
[ 713/1222] Compiling libraries/GCS_MAVLink/GCS.cpp
[ 714/1222] Compiling libraries/GCS_MAVLink/MAVLink_routing.cpp
[ 715/1222] Compiling libraries/GCS_MAVLink/GCS_ServoRelay.cpp
[ 716/1222] Compiling libraries/RC_Channel/RC_Channels.cpp
[ 717/1222] Compiling libraries/SRV_Channel/SRV_Channel_aux.cpp
[ 718/1222] Compiling libraries/SRV_Channel/SRV_Channels.cpp
[ 719/1222] Compiling libraries/SRV_Channel/SRV_Channel.cpp
[ 720/1222] Compiling libraries/AP_HAL/utility/Socket_native.cpp
[ 721/1222] Compiling libraries/AP_HAL/utility/replace.cpp
[ 722/1222] Compiling libraries/AP_HAL/DSP.cpp
[ 723/1222] Compiling libraries/AP_HAL/utility/ftoa_engine.cpp
[ 724/1222] Compiling libraries/AP_HAL/utility/Socket.cpp
[ 725/1222] Compiling libraries/AP_HAL/utility/RCOutput_Tap.cpp
[ 726/1222] Compiling libraries/AP_HAL/utility/RingBuffer.cpp
[ 727/1222] Compiling libraries/AP_HAL/utility/BetterStream.cpp
[ 728/1222] Compiling libraries/AP_HAL/RCOutput.cpp
[ 729/1222] Compiling libraries/AP_HAL/CANIface.cpp
[ 730/1222] Compiling libraries/AP_HAL/utility/DataRateLimit.cpp
[ 731/1222] Compiling libraries/AP_HAL/Scheduler.cpp
[ 732/1222] Compiling libraries/AP_HAL/Util.cpp
[ 733/1222] Compiling libraries/AP_HAL/Storage.cpp
[ 734/1222] Compiling libraries/AP_HAL/UARTDriver.cpp
[ 735/1222] Compiling libraries/AP_HAL/utility/RCOutput_Tap_Linux.cpp
[ 736/1222] Compiling libraries/AP_HAL/utility/getopt_cpp.cpp
[ 737/1222] Compiling libraries/AP_HAL/Device.cpp
[ 738/1222] Compiling libraries/AP_HAL/utility/utoa_invert.cpp
[ 739/1222] Compiling libraries/AP_HAL/system.cpp
[ 740/1222] Compiling libraries/AP_HAL/Semaphores.cpp
[ 741/1222] Compiling libraries/AP_HAL/GPIO.cpp
[ 742/1222] Compiling libraries/AP_HAL/utility/st24.cpp
[ 743/1222] Compiling libraries/AP_HAL/utility/packetise.cpp
[ 744/1222] Compiling libraries/AP_HAL/HAL.cpp
[ 745/1222] Compiling libraries/AP_HAL/utility/sumd.cpp
[ 746/1222] Compiling libraries/AP_HAL/utility/srxl.cpp
[ 747/1222] Compiling libraries/AP_HAL/utility/print_vprintf.cpp
[ 748/1222] Compiling libraries/AP_HAL/utility/dsm.cpp
[ 749/1222] Compiling libraries/AP_HAL_Empty/HAL_Empty_Class.cpp
[ 750/1222] Compiling libraries/AP_HAL_Empty/Semaphores.cpp
[ 751/1222] Compiling libraries/AP_HAL_Empty/AnalogIn.cpp
[ 752/1222] Compiling libraries/AP_HAL_Empty/Storage.cpp
[ 753/1222] Compiling libraries/AP_HAL_Empty/RCOutput.cpp
[ 754/1222] Compiling libraries/AP_HAL_Empty/GPIO.cpp
[ 755/1222] Compiling libraries/AP_HAL_Empty/RCInput.cpp
[ 756/1222] Compiling libraries/AP_HAL_Empty/UARTDriver.cpp
[ 757/1222] Compiling libraries/AP_PiccoloCAN/piccolo_protocol/ServoProtocol.c
[ 758/1222] Compiling libraries/AP_PiccoloCAN/piccolo_protocol/ESCPackets.c
[ 759/1222] Compiling libraries/AP_PiccoloCAN/piccolo_protocol/ECUDefines.c
[ 760/1222] Compiling libraries/AP_PiccoloCAN/piccolo_protocol/fielddecode.c
[ 761/1222] Compiling libraries/AP_PiccoloCAN/piccolo_protocol/ECUProtocol.c
[ 762/1222] Compiling libraries/AP_PiccoloCAN/piccolo_protocol/ServoPackets.c
[ 763/1222] Compiling libraries/AP_PiccoloCAN/piccolo_protocol/fieldencode.c
[ 764/1222] Compiling libraries/AP_PiccoloCAN/piccolo_protocol/scaleddecode.c
[ 765/1222] Compiling libraries/AP_PiccoloCAN/piccolo_protocol/ServoCommands.c
[ 766/1222] Compiling libraries/AP_PiccoloCAN/piccolo_protocol/ECUSettings.c
[ 767/1222] Compiling libraries/AP_PiccoloCAN/piccolo_protocol/ServoDefines.c
[ 768/1222] Compiling libraries/AP_PiccoloCAN/piccolo_protocol/ESCVelocityProtocol.c
[ 769/1222] Compiling libraries/AP_PiccoloCAN/piccolo_protocol/ESCCommands.c
[ 770/1222] Compiling libraries/AP_PiccoloCAN/piccolo_protocol/scaledencode.c
[ 771/1222] Compiling libraries/AP_PiccoloCAN/piccolo_protocol/ESCDefines.c
[ 772/1222] Compiling libraries/AP_PiccoloCAN/piccolo_protocol/ECUPackets.c
[ 773/1222] Compiling libraries/AP_HAL_ChibiOS/CanIface.cpp
[ 774/1222] Compiling libraries/AP_HAL_ChibiOS/Util.cpp
[ 775/1222] Compiling libraries/AP_HAL_ChibiOS/Semaphores.cpp
[ 776/1222] Compiling libraries/AP_HAL_ChibiOS/CANFDIface.cpp
[ 777/1222] Compiling libraries/AP_HAL_ChibiOS/RCInput.cpp
[ 778/1222] Compiling libraries/AP_HAL_ChibiOS/stdio.cpp
[ 779/1222] Compiling libraries/AP_HAL_ChibiOS/sdcard.cpp
[ 780/1222] Compiling libraries/AP_HAL_ChibiOS/shared_dma.cpp
[ 781/1222] Compiling libraries/AP_HAL_ChibiOS/RCOutput_iofirmware.cpp
[ 782/1222] Compiling libraries/AP_HAL_ChibiOS/I2CDevice.cpp
[ 783/1222] Compiling libraries/AP_HAL_ChibiOS/AnalogIn.cpp
[ 784/1222] Compiling libraries/AP_HAL_ChibiOS/RCOutput.cpp
[ 785/1222] Compiling libraries/AP_HAL_ChibiOS/Device.cpp
[ 786/1222] Compiling libraries/AP_HAL_ChibiOS/Scheduler.cpp
[ 787/1222] Compiling libraries/AP_HAL_ChibiOS/DSP.cpp
[ 788/1222] Compiling libraries/AP_HAL_ChibiOS/RCOutput_bdshot.cpp
[ 789/1222] Compiling libraries/AP_HAL_ChibiOS/SPIDevice.cpp
[ 790/1222] Compiling libraries/AP_HAL_ChibiOS/UARTDriver.cpp
[ 791/1222] Compiling libraries/AP_HAL_ChibiOS/RCOutput_serial.cpp
[ 792/1222] Compiling libraries/AP_HAL_ChibiOS/WSPIDevice.cpp
[ 793/1222] Compiling libraries/AP_HAL_ChibiOS/SoftSigReaderInt.cpp
[ 794/1222] Compiling libraries/AP_HAL_ChibiOS/SoftSigReader.cpp
[ 795/1222] Compiling libraries/AP_Scripting/AP_Scripting_CANSensor.cpp
[ 796/1222] Compiling libraries/AP_Scripting/AP_Scripting.cpp
[ 797/1222] Compiling libraries/AP_Scripting/AP_Scripting_SerialDevice.cpp
[ 798/1222] Compiling libraries/AP_Scripting/AP_Scripting_SerialAccess.cpp
[ 799/1222] Compiling libraries/AP_Scripting/lua/src/loadlib.c
[ 800/1222] Compiling libraries/AP_Scripting/lua/src/lparser.c
[ 801/1222] Compiling libraries/AP_Scripting/lua/src/luac.c
[ 802/1222] Compiling libraries/AP_Scripting/lua/src/lundump.c
[ 803/1222] Compiling libraries/AP_Scripting/lua/src/ldblib.c
[ 804/1222] Compiling libraries/AP_Scripting/lua/src/lstate.c
[ 805/1222] Compiling libraries/AP_Scripting/lua/src/lauxlib.c
[ 806/1222] Compiling libraries/AP_Scripting/lua/src/lopcodes.c
[ 807/1222] Compiling libraries/AP_Scripting/lua/src/lstring.c
[ 808/1222] Compiling libraries/AP_Scripting/lua/src/loslib.c
[ 809/1222] Compiling libraries/AP_Scripting/lua/src/linit.c
[ 810/1222] Compiling libraries/AP_Scripting/lua/src/liolib.c
[ 811/1222] Compiling libraries/AP_Scripting/lua/src/lbaselib.c
[ 812/1222] Compiling libraries/AP_Scripting/lua/src/lctype.c
[ 813/1222] Compiling libraries/AP_Scripting/lua/src/lvm.c
[ 814/1222] Compiling libraries/AP_Scripting/lua/src/lbitlib.c
[ 815/1222] Compiling libraries/AP_Scripting/lua/src/ldebug.c
[ 816/1222] Compiling libraries/AP_Scripting/lua/src/lcode.c
[ 817/1222] Compiling libraries/AP_Scripting/lua/src/lzio.c
[ 818/1222] Compiling libraries/AP_Scripting/lua/src/lapi.c
[ 819/1222] Compiling libraries/AP_Scripting/lua/src/ltm.c
[ 820/1222] Compiling libraries/AP_Scripting/lua/src/ltablib.c
[ 821/1222] Compiling libraries/AP_Scripting/lua/src/lfunc.c
[ 822/1222] Compiling libraries/AP_Scripting/lua/src/ldo.c
[ 823/1222] Compiling libraries/AP_Scripting/lua/src/lutf8lib.c
[ 824/1222] Compiling libraries/AP_Scripting/lua/src/lmathlib.c
[ 825/1222] Compiling libraries/AP_Scripting/lua/src/lcorolib.c
[ 826/1222] Compiling libraries/AP_Scripting/lua/src/llex.c
[ 827/1222] Compiling libraries/AP_Scripting/lua/src/lua.c
[ 828/1222] Compiling libraries/AP_Scripting/lua/src/lstrlib.c
[ 829/1222] Compiling libraries/AP_Scripting/lua/src/ldump.c
[ 830/1222] Compiling libraries/AP_Scripting/lua/src/ltable.c
[ 831/1222] Compiling libraries/AP_Scripting/lua/src/lobject.c
[ 832/1222] Compiling libraries/AP_Scripting/lua/src/lmem.c
[ 833/1222] Compiling libraries/AP_Scripting/lua/src/lgc.c
[ 834/1222] Compiling modules/DroneCAN/libcanard/canard.c
[ 835/1222] Compiling libraries/AP_ADSB/sagetech-sdk/toUint16.c
[ 836/1222] Compiling libraries/AP_ADSB/sagetech-sdk/calcChecksum.c
[ 837/1222] Compiling libraries/AP_ADSB/sagetech-sdk/sgEncodeInstall.c
[ 838/1222] Compiling libraries/AP_ADSB/sagetech-sdk/sgEncodeOperating.c
[ 839/1222] Compiling libraries/AP_ADSB/sagetech-sdk/toGS.c
[ 840/1222] Compiling libraries/AP_ADSB/sagetech-sdk/toAlt.c
[ 841/1222] Compiling libraries/AP_ADSB/sagetech-sdk/charArray2Buf.c
[ 842/1222] Compiling libraries/AP_ADSB/sagetech-sdk/sgDecodeAck.c
[ 843/1222] Compiling libraries/AP_ADSB/sagetech-sdk/uint162Buf.c
[ 844/1222] Compiling libraries/AP_ADSB/sagetech-sdk/toUint32.c
[ 845/1222] Compiling libraries/AP_ADSB/sagetech-sdk/sgEncodeTargetReq.c
[ 846/1222] Compiling libraries/AP_ADSB/sagetech-sdk/toInt32.c
[ 847/1222] Compiling libraries/AP_ADSB/sagetech-sdk/toHeading2.c
[ 848/1222] Compiling libraries/AP_ADSB/sagetech-sdk/toInt16.c
[ 849/1222] Compiling libraries/AP_ADSB/sagetech-sdk/toHeading.c
[ 850/1222] Compiling libraries/AP_ADSB/sagetech-sdk/toIcao.c
[ 851/1222] Compiling libraries/AP_ADSB/sagetech-sdk/sgEncodeFlightId.c
[ 852/1222] Compiling libraries/AP_ADSB/sagetech-sdk/sgDecodeFlightId.c
[ 853/1222] Compiling libraries/AP_ADSB/sagetech-sdk/uint322Buf.c
[ 854/1222] Compiling libraries/AP_ADSB/sagetech-sdk/toTOA.c
[ 855/1222] Compiling libraries/AP_ADSB/sagetech-sdk/sgDecodeInstall.c
[ 856/1222] Compiling libraries/AP_ADSB/sagetech-sdk/sgDecodeSVR.c
[ 857/1222] Compiling libraries/AP_ADSB/sagetech-sdk/float2Buf.c
[ 858/1222] Compiling libraries/AP_ADSB/sagetech-sdk/icao2Buf.c
[ 859/1222] Compiling libraries/AP_ADSB/sagetech-sdk/target.c
[ 860/1222] Compiling libraries/AP_ADSB/sagetech-sdk/sgDecodeMSR.c
[ 861/1222] Compiling libraries/AP_ADSB/sagetech-sdk/toLatLon.c
[ 862/1222] Compiling libraries/AP_ADSB/sagetech-sdk/sgEncodeDataReq.c
[ 863/1222] Compiling libraries/AP_ADSB/sagetech-sdk/appendChecksum.c
[ 864/1222] Compiling libraries/AP_ADSB/sagetech-sdk/toVel.c
[ 865/1222] Compiling libraries/AP_ADSB/sagetech-sdk/sgEncodeGPS.c
[ 866/1222] Compiling libraries/AP_Airspeed/AP_Airspeed.cpp
[ 867/1222] Compiling libraries/AP_Airspeed/AP_Airspeed_Params.cpp
[ 868/1222] Compiling libraries/AP_Airspeed/AP_Airspeed_NMEA.cpp
[ 869/1222] Compiling libraries/AP_AHRS/AP_AHRS_Backend.cpp
[ 870/1222] Compiling libraries/AP_AHRS/AP_AHRS.cpp
[ 871/1222] Compiling libraries/AP_AHRS/AP_AHRS_DCM.cpp
[ 872/1222] Compiling libraries/AP_Baro/AP_Baro.cpp
[ 873/1222] Compiling libraries/AP_Baro/AP_Baro_SITL.cpp
[ 874/1222] Compiling libraries/AP_BattMonitor/AP_BattMonitor_Params.cpp
[ 875/1222] Compiling libraries/AP_BattMonitor/AP_BattMonitor.cpp
[ 876/1222] Compiling libraries/AP_BoardConfig/AP_BoardConfig.cpp
[ 877/1222] Compiling libraries/AP_HAL/SIMState.cpp
[ 878/1222] Compiling libraries/AP_InertialSensor/AP_InertialSensor.cpp
[ 879/1222] Compiling libraries/AP_Math/SCurve.cpp
[ 880/1222] Compiling libraries/AP_Mission/AP_Mission.cpp
[ 881/1222] Compiling libraries/AP_DAL/AP_DAL_Beacon.cpp
[ 882/1222] Compiling libraries/AP_DAL/AP_DAL_RangeFinder.cpp
[ 883/1222] Compiling libraries/AP_DAL/AP_DAL.cpp
[ 884/1222] Compiling libraries/AP_DAL/AP_DAL_VisualOdom.cpp
[ 885/1222] Compiling libraries/AP_NavEKF2/AP_NavEKF2_OptFlowFusion.cpp
[ 886/1222] Compiling libraries/AP_NavEKF2/AP_NavEKF2.cpp
[ 887/1222] Compiling libraries/AP_NavEKF3/AP_NavEKF3_Measurements.cpp
[ 888/1222] Compiling libraries/AP_NavEKF3/AP_NavEKF3_Control.cpp
[ 889/1222] Compiling libraries/AP_NavEKF3/AP_NavEKF3_Outputs.cpp
[ 890/1222] Compiling libraries/AP_NavEKF3/AP_NavEKF3.cpp
[ 891/1222] Compiling libraries/AP_NavEKF3/AP_NavEKF3_core.cpp
[ 892/1222] Compiling libraries/AP_NavEKF3/AP_NavEKF3_Logging.cpp
[ 893/1222] Compiling libraries/AP_NavEKF3/AP_NavEKF3_VehicleStatus.cpp
[ 894/1222] Compiling libraries/AP_NavEKF3/AP_NavEKF3_OptFlowFusion.cpp
[ 895/1222] Compiling libraries/AP_NavEKF3/AP_NavEKF3_MagFusion.cpp
[ 896/1222] Compiling libraries/AP_NavEKF3/AP_NavEKF3_GyroBias.cpp
[ 897/1222] Compiling libraries/AP_NavEKF3/AP_NavEKF3_AirDataFusion.cpp
[ 898/1222] Compiling libraries/AP_NavEKF3/AP_NavEKF3_RngBcnFusion.cpp
[ 899/1222] Compiling libraries/AP_NavEKF3/AP_NavEKF3_PosVelFusion.cpp
[ 900/1222] Compiling libraries/AP_Rally/AP_Rally.cpp
[ 901/1222] Compiling libraries/AP_Scheduler/AP_Scheduler.cpp
[ 902/1222] Compiling libraries/AP_Terrain/AP_Terrain.cpp
[ 903/1222] Compiling libraries/AP_Vehicle/AP_Vehicle.cpp
[ 904/1222] Compiling libraries/AP_Logger/AP_Logger_File.cpp
[ 905/1222] Compiling libraries/AP_Logger/AP_Logger.cpp
[ 906/1222] Compiling libraries/AP_Logger/AP_Logger_Backend.cpp
[ 907/1222] Compiling libraries/AP_Logger/LoggerMessageWriter.cpp
[ 908/1222] Compiling libraries/GCS_MAVLink/GCS_Dummy.cpp
[ 909/1222] Compiling libraries/GCS_MAVLink/GCS_Common.cpp
[ 910/1222] Compiling libraries/GCS_MAVLink/GCS_Fence.cpp
[ 911/1222] Compiling libraries/RC_Channel/RC_Channel.cpp
[ 912/1222] Compiling libraries/StorageManager/StorageManager.cpp
[ 913/1222] Compiling libraries/AP_Frsky_Telem/AP_Frsky_SPort_Passthrough.cpp
[ 914/1222] Compiling libraries/AP_IBus_Telem/AP_IBus_Telem.cpp
[ 915/1222] Compiling libraries/AP_Relay/AP_Relay.cpp
[ 916/1222] Compiling libraries/AP_RCProtocol/AP_RCProtocol_CRSF.cpp
[ 917/1222] Compiling libraries/AP_RCProtocol/AP_RCProtocol_GHST.cpp
[ 918/1222] Compiling libraries/AP_RCProtocol/AP_RCProtocol_FPort2.cpp
[ 919/1222] Compiling libraries/AP_RCProtocol/AP_RCProtocol_UDP.cpp
[ 920/1222] Compiling libraries/AP_RCProtocol/AP_RCProtocol_SRXL2.cpp
[ 921/1222] Compiling libraries/AP_RCProtocol/AP_RCProtocol.cpp
[ 922/1222] Compiling libraries/AP_RCProtocol/AP_RCProtocol_FPort.cpp
[ 923/1222] Compiling libraries/AP_BLHeli/AP_BLHeli.cpp
[ 924/1222] Compiling libraries/AP_Proximity/AP_Proximity_Utils.cpp
[ 925/1222] Compiling libraries/AC_Fence/AC_PolyFence_loader.cpp
[ 926/1222] Compiling libraries/AC_Fence/AC_Fence.cpp
[ 927/1222] Compiling libraries/AC_Avoidance/AP_OABendyRuler.cpp
[ 928/1222] Compiling libraries/AC_Avoidance/AC_Avoid.cpp
[ 929/1222] Compiling libraries/AC_Avoidance/AP_OADatabase.cpp
[ 930/1222] Compiling libraries/AP_LandingGear/AP_LandingGear.cpp
[ 931/1222] Compiling libraries/AP_OSD/AP_OSD_Screen.cpp
[ 932/1222] Compiling libraries/AP_OSD/AP_OSD_ParamScreen.cpp
[ 933/1222] Compiling libraries/AP_OSD/AP_OSD_ParamSetting.cpp
[ 934/1222] Compiling libraries/AP_Filesystem/AP_Filesystem_posix.cpp
[ 935/1222] Compiling libraries/AP_ADSB/AP_ADSB_Sagetech_MXS.cpp
[ 936/1222] Compiling libraries/AP_ADSB/AP_ADSB.cpp
[ 937/1222] Compiling libraries/AP_ESC_Telem/AP_ESC_Telem_Backend.cpp
[ 938/1222] Compiling libraries/AP_GyroFFT/AP_GyroFFT.cpp
[ 939/1222] Compiling libraries/AP_RCTelemetry/AP_CRSF_Telem.cpp
[ 940/1222] Compiling libraries/AP_RCTelemetry/AP_RCTelemetry.cpp
[ 941/1222] Compiling libraries/AP_ExternalAHRS/AP_ExternalAHRS_InertialLabs.cpp
[ 942/1222] Compiling libraries/AP_TemperatureSensor/AP_TemperatureSensor.cpp
[ 943/1222] Compiling libraries/AP_AIS/AP_AIS.cpp
[ 944/1222] Compiling libraries/AP_Arming/AP_Arming.cpp
[ 945/1222] Compiling libraries/AC_AttitudeControl/AC_PosControl.cpp
[ 946/1222] Compiling libraries/AC_AttitudeControl/AC_WeatherVane.cpp
[ 947/1222] Compiling libraries/AC_AttitudeControl/AC_AttitudeControl.cpp
[ 948/1222] Compiling libraries/AC_PrecLand/AC_PrecLand.cpp
[ 949/1222] Compiling libraries/AC_WPNav/AC_Loiter.cpp
[ 950/1222] Compiling libraries/AP_Motors/AP_Motors_Thrust_Linearization.cpp
[ 951/1222] Compiling libraries/AP_Motors/AP_MotorsMulticopter.cpp
[ 952/1222] Compiling libraries/AP_Motors/AP_MotorsTri.cpp
[ 953/1222] Compiling libraries/AP_Motors/AP_MotorsMatrix.cpp
[ 954/1222] Compiling libraries/AP_Avoidance/AP_Avoidance.cpp
[ 955/1222] Compiling libraries/AP_Follow/AP_Follow.cpp
[ 956/1222] Compiling libraries/AC_AutoTune/AC_AutoTune.cpp
[ 957/1222] Compiling libraries/AP_HAL_ChibiOS/HAL_ChibiOS_Class.cpp
[ 958/1222] Compiling libraries/AP_HAL_ChibiOS/GPIO.cpp
[ 959/1222] Compiling libraries/AP_HAL_ChibiOS/Storage.cpp
[ 960/1222] Compiling libraries/AP_HAL_ChibiOS/system.cpp
[ 961/1222] Compiling libraries/AP_Scripting/AP_Scripting_helpers.cpp
[ 962/1222] Compiling build/ARK_FPV/libraries/AP_Scripting/lua_generated_bindings.cpp
[ 963/1222] Compiling libraries/AP_Scripting/lua_scripts.cpp
[ 964/1222] Compiling libraries/AP_Scripting/lua_boxed_numerics.cpp
[ 965/1222] Compiling libraries/AP_Scripting/lua_bindings.cpp
[ 966/1222] Compiling build/ARK_FPV/modules/DroneCAN/libcanard/dsdlc_generated/src/dronecan.sensors.rc.RCInput.c
[ 967/1222] Compiling build/ARK_FPV/modules/DroneCAN/libcanard/dsdlc_generated/src/uavcan.protocol.HardwareVersion.c
[ 968/1222] Compiling build/ARK_FPV/modules/DroneCAN/libcanard/dsdlc_generated/src/uavcan.protocol.enumeration.Begin_res.c
[ 969/1222] Compiling build/ARK_FPV/modules/DroneCAN/libcanard/dsdlc_generated/src/cuav.equipment.power.CBAT.c
[ 970/1222] Compiling build/ARK_FPV/modules/DroneCAN/libcanard/dsdlc_generated/src/uavcan.protocol.CANIfaceStats.c
[ 971/1222] Compiling build/ARK_FPV/modules/DroneCAN/libcanard/dsdlc_generated/src/uavcan.protocol.NodeStatus.c
[ 972/1222] Compiling build/ARK_FPV/modules/DroneCAN/libcanard/dsdlc_generated/src/uavcan.equipment.camera_gimbal.Mode.c
[ 973/1222] Compiling build/ARK_FPV/modules/DroneCAN/libcanard/dsdlc_generated/src/uavcan.protocol.file.BeginFirmwareUpdate_res.c
[ 974/1222] Compiling build/ARK_FPV/modules/DroneCAN/libcanard/dsdlc_generated/src/com.hobbywing.esc.SetLED_res.c
[ 975/1222] Compiling build/ARK_FPV/modules/DroneCAN/libcanard/dsdlc_generated/src/ardupilot.equipment.power.BatteryTag.c
[ 976/1222] Compiling build/ARK_FPV/modules/DroneCAN/libcanard/dsdlc_generated/src/uavcan.navigation.GlobalNavigationSolution.c
[ 977/1222] Compiling build/ARK_FPV/modules/DroneCAN/libcanard/dsdlc_generated/src/uavcan.protocol.SoftwareVersion.c
[ 978/1222] Compiling build/ARK_FPV/modules/DroneCAN/libcanard/dsdlc_generated/src/uavcan.equipment.hardpoint.Status.c
[ 979/1222] Compiling build/ARK_FPV/modules/DroneCAN/libcanard/dsdlc_generated/src/com.hobbywing.esc.GetMaintenanceInformation_res.c
[ 980/1222] Compiling build/ARK_FPV/modules/DroneCAN/libcanard/dsdlc_generated/src/uavcan.protocol.GetNodeInfo_req.c
[ 981/1222] Compiling build/ARK_FPV/modules/DroneCAN/libcanard/dsdlc_generated/src/com.tmotor.esc.FocCtrl.c
[ 982/1222] Compiling build/ARK_FPV/modules/DroneCAN/libcanard/dsdlc_generated/src/com.hobbywing.esc.RawCommand.c
[ 983/1222] Compiling build/ARK_FPV/modules/DroneCAN/libcanard/dsdlc_generated/src/com.xacti.GnssStatus.c
[ 984/1222] Compiling build/ARK_FPV/modules/DroneCAN/libcanard/dsdlc_generated/src/uavcan.equipment.gnss.RTCMStream.c
[ 985/1222] Compiling build/ARK_FPV/modules/DroneCAN/libcanard/dsdlc_generated/src/uavcan.protocol.file.EntryType.c
[ 986/1222] Compiling build/ARK_FPV/modules/DroneCAN/libcanard/dsdlc_generated/src/dronecan.protocol.FlexDebug.c
[ 987/1222] Compiling build/ARK_FPV/modules/DroneCAN/libcanard/dsdlc_generated/src/dronecan.sensors.hygrometer.Hygrometer.c
[ 988/1222] Compiling build/ARK_FPV/modules/DroneCAN/libcanard/dsdlc_generated/src/uavcan.protocol.file.Delete_res.c
[ 989/1222] Compiling build/ARK_FPV/modules/DroneCAN/libcanard/dsdlc_generated/src/uavcan.protocol.GetTransportStats_res.c
[ 990/1222] Compiling build/ARK_FPV/modules/DroneCAN/libcanard/dsdlc_generated/src/dronecan.protocol.Stats.c
[ 991/1222] Compiling build/ARK_FPV/modules/DroneCAN/libcanard/dsdlc_generated/src/uavcan.protocol.file.GetDirectoryEntryInfo_res.c
[ 992/1222] Compiling build/ARK_FPV/modules/DroneCAN/libcanard/dsdlc_generated/src/uavcan.equipment.air_data.IndicatedAirspeed.c
[ 993/1222] Compiling build/ARK_FPV/modules/DroneCAN/libcanard/dsdlc_generated/src/uavcan.protocol.GetDataTypeInfo_res.c
[ 994/1222] Compiling build/ARK_FPV/modules/DroneCAN/libcanard/dsdlc_generated/src/uavcan.protocol.file.Write_req.c
[ 995/1222] Compiling build/ARK_FPV/modules/DroneCAN/libcanard/dsdlc_generated/src/dronecan.remoteid.SelfID.c
[ 996/1222] Compiling build/ARK_FPV/modules/DroneCAN/libcanard/dsdlc_generated/src/ardupilot.equipment.power.BatteryCells.c
[ 997/1222] Compiling build/ARK_FPV/modules/DroneCAN/libcanard/dsdlc_generated/src/dronecan.remoteid.SecureCommand_res.c
[ 998/1222] Compiling build/ARK_FPV/modules/DroneCAN/libcanard/dsdlc_generated/src/uavcan.protocol.file.GetInfo_res.c
[ 999/1222] Compiling build/ARK_FPV/modules/DroneCAN/libcanard/dsdlc_generated/src/uavcan.protocol.enumeration.Begin_req.c
[1000/1222] Compiling build/ARK_FPV/modules/DroneCAN/libcanard/dsdlc_generated/src/uavcan.protocol.file.GetDirectoryEntryInfo_req.c
[1001/1222] Compiling build/ARK_FPV/modules/DroneCAN/libcanard/dsdlc_generated/src/dronecan.sensors.magnetometer.MagneticFieldStrengthHiRes.c
[1002/1222] Compiling build/ARK_FPV/modules/DroneCAN/libcanard/dsdlc_generated/src/uavcan.protocol.GetTransportStats_req.c
[1003/1222] Compiling build/ARK_FPV/modules/DroneCAN/libcanard/dsdlc_generated/src/uavcan.protocol.debug.KeyValue.c
[1004/1222] Compiling build/ARK_FPV/modules/DroneCAN/libcanard/dsdlc_generated/src/uavcan.protocol.file.Read_req.c
[1005/1222] Compiling build/ARK_FPV/modules/DroneCAN/libcanard/dsdlc_generated/src/uavcan.protocol.enumeration.Indication.c
[1006/1222] Compiling build/ARK_FPV/modules/DroneCAN/libcanard/dsdlc_generated/src/uavcan.protocol.file.Error.c
[1007/1222] Compiling build/ARK_FPV/modules/DroneCAN/libcanard/dsdlc_generated/src/com.xacti.GimbalAttitudeStatus.c
[1008/1222] Compiling build/ARK_FPV/modules/DroneCAN/libcanard/dsdlc_generated/src/uavcan.protocol.Panic.c
[1009/1222] Compiling build/ARK_FPV/modules/DroneCAN/libcanard/dsdlc_generated/src/dronecan.remoteid.System.c
[1010/1222] Compiling build/ARK_FPV/modules/DroneCAN/libcanard/dsdlc_generated/src/uavcan.equipment.ahrs.Solution.c
[1011/1222] Compiling build/ARK_FPV/modules/DroneCAN/libcanard/dsdlc_generated/src/uavcan.protocol.AccessCommandShell_res.c
[1012/1222] Compiling build/ARK_FPV/modules/DroneCAN/libcanard/dsdlc_generated/src/com.tmotor.esc.ParamCfg.c
[1013/1222] Compiling build/ARK_FPV/modules/DroneCAN/libcanard/dsdlc_generated/src/com.tmotor.esc.PUSHSCI.c
[1014/1222] Compiling build/ARK_FPV/modules/DroneCAN/libcanard/dsdlc_generated/src/uavcan.protocol.file.Read_res.c
[1015/1222] Compiling build/ARK_FPV/modules/DroneCAN/libcanard/dsdlc_generated/src/ardupilot.gnss.Status.c
[1016/1222] Compiling build/ARK_FPV/modules/DroneCAN/libcanard/dsdlc_generated/src/uavcan.equipment.gnss.ECEFPositionVelocity.c
[1017/1222] Compiling build/ARK_FPV/modules/DroneCAN/libcanard/dsdlc_generated/src/ardupilot.equipment.power.BatteryPeriodic.c
[1018/1222] Compiling build/ARK_FPV/modules/DroneCAN/libcanard/dsdlc_generated/src/dronecan.remoteid.OperatorID.c
[1019/1222] Compiling build/ARK_FPV/modules/DroneCAN/libcanard/dsdlc_generated/src/uavcan.equipment.air_data.AngleOfAttack.c
[1020/1222] Compiling build/ARK_FPV/modules/DroneCAN/libcanard/dsdlc_generated/src/mppt.OutputEnable_res.c
[1021/1222] Compiling build/ARK_FPV/modules/DroneCAN/libcanard/dsdlc_generated/src/com.hobbywing.esc.GetMaintenanceInformation_req.c
[1022/1222] Compiling build/ARK_FPV/modules/DroneCAN/libcanard/dsdlc_generated/src/uavcan.equipment.esc.StatusExtended.c
[1023/1222] Compiling build/ARK_FPV/modules/DroneCAN/libcanard/dsdlc_generated/src/ardupilot.equipment.power.BatteryContinuous.c
[1024/1222] Compiling build/ARK_FPV/modules/DroneCAN/libcanard/dsdlc_generated/src/com.hex.equipment.flow.Measurement.c
[1025/1222] Compiling build/ARK_FPV/modules/DroneCAN/libcanard/dsdlc_generated/src/uavcan.protocol.RestartNode_req.c
[1026/1222] Compiling build/ARK_FPV/modules/DroneCAN/libcanard/dsdlc_generated/src/dronecan.remoteid.Location.c
[1027/1222] Compiling build/ARK_FPV/modules/DroneCAN/libcanard/dsdlc_generated/src/uavcan.protocol.param.Empty.c
[1028/1222] Compiling build/ARK_FPV/modules/DroneCAN/libcanard/dsdlc_generated/src/uavcan.equipment.air_data.StaticPressure.c
[1029/1222] Compiling build/ARK_FPV/modules/DroneCAN/libcanard/dsdlc_generated/src/uavcan.equipment.air_data.Sideslip.c
[1030/1222] Compiling build/ARK_FPV/modules/DroneCAN/libcanard/dsdlc_generated/src/mppt.OutputEnable_req.c
[1031/1222] Compiling build/ARK_FPV/modules/DroneCAN/libcanard/dsdlc_generated/src/com.hobbywing.esc.SetDirection_req.c
[1032/1222] Compiling build/ARK_FPV/modules/DroneCAN/libcanard/dsdlc_generated/src/com.hobbywing.esc.SelfTest_res.c
[1033/1222] Compiling build/ARK_FPV/modules/DroneCAN/libcanard/dsdlc_generated/src/com.hobbywing.esc.SetID_req.c
[1034/1222] Compiling build/ARK_FPV/modules/DroneCAN/libcanard/dsdlc_generated/src/uavcan.protocol.param.GetSet_req.c
[1035/1222] Compiling build/ARK_FPV/modules/DroneCAN/libcanard/dsdlc_generated/src/uavcan.equipment.indication.SingleLightCommand.c
[1036/1222] Compiling build/ARK_FPV/modules/DroneCAN/libcanard/dsdlc_generated/src/mppt.Stream.c
[1037/1222] Compiling build/ARK_FPV/modules/DroneCAN/libcanard/dsdlc_generated/src/uavcan.Timestamp.c
[1038/1222] Compiling build/ARK_FPV/modules/DroneCAN/libcanard/dsdlc_generated/src/uavcan.protocol.dynamic_node_id.Allocation.c
[1039/1222] Compiling build/ARK_FPV/modules/DroneCAN/libcanard/dsdlc_generated/src/uavcan.protocol.GetNodeInfo_res.c
[1040/1222] Compiling build/ARK_FPV/modules/DroneCAN/libcanard/dsdlc_generated/src/dronecan.remoteid.SecureCommand_req.c
[1041/1222] Compiling build/ARK_FPV/modules/DroneCAN/libcanard/dsdlc_generated/src/uavcan.protocol.param.NumericValue.c
[1042/1222] Compiling build/ARK_FPV/modules/DroneCAN/libcanard/dsdlc_generated/src/com.hobbywing.esc.SetBaud_req.c
[1043/1222] Compiling build/ARK_FPV/modules/DroneCAN/libcanard/dsdlc_generated/src/uavcan.protocol.dynamic_node_id.server.Entry.c
[1044/1222] Compiling build/ARK_FPV/modules/DroneCAN/libcanard/dsdlc_generated/src/com.hobbywing.esc.StatusMsg1.c
[1045/1222] Compiling build/ARK_FPV/modules/DroneCAN/libcanard/dsdlc_generated/src/uavcan.equipment.actuator.ArrayCommand.c
[1046/1222] Compiling build/ARK_FPV/modules/DroneCAN/libcanard/dsdlc_generated/src/uavcan.equipment.gnss.Auxiliary.c
[1047/1222] Compiling build/ARK_FPV/modules/DroneCAN/libcanard/dsdlc_generated/src/uavcan.protocol.file.Path.c
[1048/1222] Compiling build/ARK_FPV/modules/DroneCAN/libcanard/dsdlc_generated/src/com.hobbywing.esc.StatusMsg3.c
[1049/1222] Compiling build/ARK_FPV/modules/DroneCAN/libcanard/dsdlc_generated/src/dronecan.sensors.rpm.RPM.c
[1050/1222] Compiling build/ARK_FPV/modules/DroneCAN/libcanard/dsdlc_generated/src/uavcan.protocol.dynamic_node_id.server.AppendEntries_req.c
[1051/1222] Compiling build/ARK_FPV/modules/DroneCAN/libcanard/dsdlc_generated/src/uavcan.equipment.air_data.TrueAirspeed.c
[1052/1222] Compiling build/ARK_FPV/modules/DroneCAN/libcanard/dsdlc_generated/src/dronecan.remoteid.BasicID.c
[1053/1222] Compiling build/ARK_FPV/modules/DroneCAN/libcanard/dsdlc_generated/src/uavcan.equipment.indication.LightsCommand.c
[1054/1222] Compiling build/ARK_FPV/modules/DroneCAN/libcanard/dsdlc_generated/src/uavcan.tunnel.Call_res.c
[1055/1222] Compiling build/ARK_FPV/modules/DroneCAN/libcanard/dsdlc_generated/src/uavcan.equipment.range_sensor.Measurement.c
[1056/1222] Compiling build/ARK_FPV/modules/DroneCAN/libcanard/dsdlc_generated/src/uavcan.protocol.file.GetInfo_req.c
[1057/1222] Compiling build/ARK_FPV/modules/DroneCAN/libcanard/dsdlc_generated/src/uavcan.equipment.esc.RawCommand.c
[1058/1222] Compiling build/ARK_FPV/modules/DroneCAN/libcanard/dsdlc_generated/src/uavcan.protocol.dynamic_node_id.server.AppendEntries_res.c
[1059/1222] Compiling build/ARK_FPV/modules/DroneCAN/libcanard/dsdlc_generated/src/com.tmotor.esc.ParamGet.c
[1060/1222] Compiling build/ARK_FPV/modules/DroneCAN/libcanard/dsdlc_generated/src/ardupilot.equipment.trafficmonitor.TrafficReport.c
[1061/1222] Compiling build/ARK_FPV/modules/DroneCAN/libcanard/dsdlc_generated/src/uavcan.tunnel.SerialConfig.c
[1062/1222] Compiling build/ARK_FPV/modules/DroneCAN/libcanard/dsdlc_generated/src/uavcan.equipment.indication.BeepCommand.c
[1063/1222] Compiling build/ARK_FPV/modules/DroneCAN/libcanard/dsdlc_generated/src/uavcan.equipment.esc.Status.c
[1064/1222] Compiling build/ARK_FPV/modules/DroneCAN/libcanard/dsdlc_generated/src/uavcan.equipment.camera_gimbal.Status.c
[1065/1222] Compiling build/ARK_FPV/modules/DroneCAN/libcanard/dsdlc_generated/src/uavcan.equipment.camera_gimbal.GEOPOICommand.c
[1066/1222] Compiling build/ARK_FPV/modules/DroneCAN/libcanard/dsdlc_generated/src/uavcan.equipment.actuator.Command.c
[1067/1222] Compiling build/ARK_FPV/modules/DroneCAN/libcanard/dsdlc_generated/src/uavcan.protocol.param.GetSet_res.c
[1068/1222] Compiling build/ARK_FPV/modules/DroneCAN/libcanard/dsdlc_generated/src/com.hobbywing.esc.SetLED_req.c
[1069/1222] Compiling build/ARK_FPV/modules/DroneCAN/libcanard/dsdlc_generated/src/uavcan.tunnel.Broadcast.c
[1070/1222] Compiling build/ARK_FPV/modules/DroneCAN/libcanard/dsdlc_generated/src/uavcan.equipment.device.Temperature.c
[1071/1222] Compiling build/ARK_FPV/modules/DroneCAN/libcanard/dsdlc_generated/src/uavcan.equipment.air_data.RawAirData.c
[1072/1222] Compiling build/ARK_FPV/modules/DroneCAN/libcanard/dsdlc_generated/src/dronecan.remoteid.ArmStatus.c
[1073/1222] Compiling build/ARK_FPV/modules/DroneCAN/libcanard/dsdlc_generated/src/uavcan.equipment.ice.reciprocating.CylinderStatus.c
[1074/1222] Compiling build/ARK_FPV/modules/DroneCAN/libcanard/dsdlc_generated/src/com.volz.servo.ActuatorStatus.c
[1075/1222] Compiling build/ARK_FPV/modules/DroneCAN/libcanard/dsdlc_generated/src/ardupilot.equipment.power.BatteryInfoAux.c
[1076/1222] Compiling build/ARK_FPV/modules/DroneCAN/libcanard/dsdlc_generated/src/com.hobbywing.esc.SetThrottleSource_req.c
[1077/1222] Compiling build/ARK_FPV/modules/DroneCAN/libcanard/dsdlc_generated/src/uavcan.protocol.RestartNode_res.c
[1078/1222] Compiling build/ARK_FPV/modules/DroneCAN/libcanard/dsdlc_generated/src/uavcan.protocol.AccessCommandShell_req.c
[1079/1222] Compiling build/ARK_FPV/modules/DroneCAN/libcanard/dsdlc_generated/src/uavcan.protocol.debug.LogLevel.c
[1080/1222] Compiling build/ARK_FPV/modules/DroneCAN/libcanard/dsdlc_generated/src/uavcan.equipment.power.BatteryInfo.c
[1081/1222] Compiling build/ARK_FPV/modules/DroneCAN/libcanard/dsdlc_generated/src/uavcan.equipment.air_data.StaticTemperature.c
[1082/1222] Compiling build/ARK_FPV/modules/DroneCAN/libcanard/dsdlc_generated/src/uavcan.equipment.camera_gimbal.AngularCommand.c
[1083/1222] Compiling build/ARK_FPV/modules/DroneCAN/libcanard/dsdlc_generated/src/com.hobbywing.esc.SelfTest_req.c
[1084/1222] Compiling build/ARK_FPV/modules/DroneCAN/libcanard/dsdlc_generated/src/ardupilot.equipment.proximity_sensor.Proximity.c
[1085/1222] Compiling build/ARK_FPV/modules/DroneCAN/libcanard/dsdlc_generated/src/uavcan.equipment.actuator.Status.c
[1086/1222] Compiling build/ARK_FPV/modules/DroneCAN/libcanard/dsdlc_generated/src/com.hobbywing.esc.SetDirection_res.c
[1087/1222] Compiling build/ARK_FPV/modules/DroneCAN/libcanard/dsdlc_generated/src/uavcan.tunnel.Protocol.c
[1088/1222] Compiling build/ARK_FPV/modules/DroneCAN/libcanard/dsdlc_generated/src/uavcan.protocol.param.Value.c
[1089/1222] Compiling build/ARK_FPV/modules/DroneCAN/libcanard/dsdlc_generated/src/com.hobbywing.esc.SetAngle_res.c
[1090/1222] Compiling build/ARK_FPV/modules/DroneCAN/libcanard/dsdlc_generated/src/uavcan.equipment.ahrs.MagneticFieldStrength.c
[1091/1222] Compiling build/ARK_FPV/modules/DroneCAN/libcanard/dsdlc_generated/src/uavcan.equipment.power.PrimaryPowerSupplyStatus.c
[1092/1222] Compiling build/ARK_FPV/modules/DroneCAN/libcanard/dsdlc_generated/src/uavcan.equipment.ice.reciprocating.Status.c
[1093/1222] Compiling build/ARK_FPV/modules/DroneCAN/libcanard/dsdlc_generated/src/uavcan.protocol.DataTypeKind.c
[1094/1222] Compiling build/ARK_FPV/modules/DroneCAN/libcanard/dsdlc_generated/src/ardupilot.gnss.Heading.c
[1095/1222] Compiling build/ARK_FPV/modules/DroneCAN/libcanard/dsdlc_generated/src/uavcan.equipment.indication.RGB565.c
[1096/1222] Compiling build/ARK_FPV/modules/DroneCAN/libcanard/dsdlc_generated/src/uavcan.equipment.gnss.Fix2.c
[1097/1222] Compiling build/ARK_FPV/modules/DroneCAN/libcanard/dsdlc_generated/src/uavcan.equipment.ahrs.MagneticFieldStrength2.c
[1098/1222] Compiling build/ARK_FPV/modules/DroneCAN/libcanard/dsdlc_generated/src/com.hobbywing.esc.SetAngle_req.c
[1099/1222] Compiling build/ARK_FPV/modules/DroneCAN/libcanard/dsdlc_generated/src/uavcan.protocol.debug.LogMessage.c
[1100/1222] Compiling build/ARK_FPV/modules/DroneCAN/libcanard/dsdlc_generated/src/uavcan.protocol.GetDataTypeInfo_req.c
[1101/1222] Compiling build/ARK_FPV/modules/DroneCAN/libcanard/dsdlc_generated/src/uavcan.equipment.power.CircuitStatus.c
[1102/1222] Compiling build/ARK_FPV/modules/DroneCAN/libcanard/dsdlc_generated/src/uavcan.equipment.ice.FuelTankStatus.c
[1103/1222] Compiling build/ARK_FPV/modules/DroneCAN/libcanard/dsdlc_generated/src/uavcan.tunnel.Targetted.c
[1104/1222] Compiling build/ARK_FPV/modules/DroneCAN/libcanard/dsdlc_generated/src/uavcan.tunnel.Call_req.c
[1105/1222] Compiling build/ARK_FPV/modules/DroneCAN/libcanard/dsdlc_generated/src/uavcan.protocol.param.ExecuteOpcode_req.c
[1106/1222] Compiling build/ARK_FPV/modules/DroneCAN/libcanard/dsdlc_generated/src/uavcan.equipment.hardpoint.Command.c
[1107/1222] Compiling build/ARK_FPV/modules/DroneCAN/libcanard/dsdlc_generated/src/uavcan.protocol.param.ExecuteOpcode_res.c
[1108/1222] Compiling build/ARK_FPV/modules/DroneCAN/libcanard/dsdlc_generated/src/com.xacti.GimbalControlData.c
[1109/1222] Compiling build/ARK_FPV/modules/DroneCAN/libcanard/dsdlc_generated/src/uavcan.protocol.GlobalTimeSync.c
[1110/1222] Compiling build/ARK_FPV/modules/DroneCAN/libcanard/dsdlc_generated/src/uavcan.equipment.esc.RPMCommand.c
[1111/1222] Compiling build/ARK_FPV/modules/DroneCAN/libcanard/dsdlc_generated/src/uavcan.equipment.gnss.Fix.c
[1112/1222] Compiling build/ARK_FPV/modules/DroneCAN/libcanard/dsdlc_generated/src/uavcan.equipment.safety.ArmingStatus.c
[1113/1222] Compiling build/ARK_FPV/modules/DroneCAN/libcanard/dsdlc_generated/src/uavcan.protocol.file.BeginFirmwareUpdate_req.c
[1114/1222] Compiling build/ARK_FPV/modules/DroneCAN/libcanard/dsdlc_generated/src/uavcan.equipment.ahrs.RawIMU.c
[1115/1222] Compiling build/ARK_FPV/modules/DroneCAN/libcanard/dsdlc_generated/src/dronecan.protocol.CanStats.c
[1116/1222] Compiling build/ARK_FPV/modules/DroneCAN/libcanard/dsdlc_generated/src/com.xacti.CopterAttStatus.c
[1117/1222] Compiling build/ARK_FPV/modules/DroneCAN/libcanard/dsdlc_generated/src/uavcan.CoarseOrientation.c
[1118/1222] Compiling build/ARK_FPV/modules/DroneCAN/libcanard/dsdlc_generated/src/com.hobbywing.esc.StatusMsg2.c
[1119/1222] Compiling build/ARK_FPV/modules/DroneCAN/libcanard/dsdlc_generated/src/dronecan.protocol.GlobalTime.c
[1120/1222] Compiling build/ARK_FPV/modules/DroneCAN/libcanard/dsdlc_generated/src/com.hobbywing.esc.SetBaud_res.c
[1121/1222] Compiling build/ARK_FPV/modules/DroneCAN/libcanard/dsdlc_generated/src/ardupilot.indication.NotifyState.c
[1122/1222] Compiling build/ARK_FPV/modules/DroneCAN/libcanard/dsdlc_generated/src/ardupilot.indication.SafetyState.c
[1123/1222] Compiling build/ARK_FPV/modules/DroneCAN/libcanard/dsdlc_generated/src/com.hobbywing.esc.SetReportingFrequency_res.c
[1124/1222] Compiling build/ARK_FPV/modules/DroneCAN/libcanard/dsdlc_generated/src/com.hobbywing.esc.SetThrottleSource_res.c
[1125/1222] Compiling build/ARK_FPV/modules/DroneCAN/libcanard/dsdlc_generated/src/ardupilot.indication.Button.c
[1126/1222] Compiling build/ARK_FPV/modules/DroneCAN/libcanard/dsdlc_generated/src/com.hobbywing.esc.GetEscID.c
[1127/1222] Compiling build/ARK_FPV/modules/DroneCAN/libcanard/dsdlc_generated/src/com.hobbywing.esc.SetID_res.c
[1128/1222] Compiling build/ARK_FPV/modules/DroneCAN/libcanard/dsdlc_generated/src/ardupilot.gnss.MovingBaselineData.c
[1129/1222] Compiling build/ARK_FPV/modules/DroneCAN/libcanard/dsdlc_generated/src/com.hobbywing.esc.GetMajorConfig_req.c
[1130/1222] Compiling build/ARK_FPV/modules/DroneCAN/libcanard/dsdlc_generated/src/com.hobbywing.esc.SetReportingFrequency_req.c
[1131/1222] Compiling build/ARK_FPV/modules/DroneCAN/libcanard/dsdlc_generated/src/uavcan.protocol.dynamic_node_id.server.RequestVote_res.c
[1132/1222] Compiling build/ARK_FPV/modules/DroneCAN/libcanard/dsdlc_generated/src/com.himark.servo.ServoInfo.c
[1133/1222] Compiling build/ARK_FPV/modules/DroneCAN/libcanard/dsdlc_generated/src/com.himark.servo.ServoCmd.c
[1134/1222] Compiling build/ARK_FPV/modules/DroneCAN/libcanard/dsdlc_generated/src/uavcan.protocol.dynamic_node_id.server.Discovery.c
[1135/1222] Compiling build/ARK_FPV/modules/DroneCAN/libcanard/dsdlc_generated/src/uavcan.protocol.file.Write_res.c
[1136/1222] Compiling build/ARK_FPV/modules/DroneCAN/libcanard/dsdlc_generated/src/uavcan.protocol.dynamic_node_id.server.RequestVote_req.c
[1137/1222] Compiling build/ARK_FPV/modules/DroneCAN/libcanard/dsdlc_generated/src/uavcan.protocol.file.Delete_req.c
[1138/1222] Compiling build/ARK_FPV/modules/DroneCAN/libcanard/dsdlc_generated/src/ardupilot.gnss.RelPosHeading.c
[1139/1222] Compiling build/ARK_FPV/modules/DroneCAN/libcanard/dsdlc_generated/src/com.hobbywing.esc.GetMajorConfig_res.c
[1140/1222] Compiling build/ARK_FPV/modules/DroneCAN/libcanard/dsdlc_generated/src/com.tmotor.esc.PUSHCAN.c
[1141/1222] Compiling build/ARK_FPV/modules/DroneCAN/libcanard/dsdlc_generated/src/com.xacti.GnssStatusReq.c
[1142/1222] Compiling ArduCopter/mode_land.cpp
[1143/1222] Compiling ArduCopter/mode_guided.cpp
[1144/1222] Compiling ArduCopter/AP_ExternalControl_Copter.cpp
[1145/1222] Compiling ArduCopter/RC_Channel.cpp
[1146/1222] Compiling ArduCopter/AP_State.cpp
[1147/1222] Compiling ArduCopter/takeoff.cpp
[1148/1222] Compiling ArduCopter/mode_circle.cpp
[1149/1222] Compiling ArduCopter/Copter.cpp
[1150/1222] Compiling ArduCopter/mode_smart_rtl.cpp
[1151/1222] Linking build/ARK_FPV/lib/libArduCopter_libs.a
[1152/1222] Compiling ArduCopter/sensors.cpp
[1153/1222] Compiling ArduCopter/baro_ground_effect.cpp
[1154/1222] Compiling ArduCopter/Attitude.cpp
[1155/1222] Compiling ArduCopter/mode_zigzag.cpp
[1156/1222] Compiling ArduCopter/mode_althold.cpp
[1157/1222] Compiling ArduCopter/radio.cpp
[1158/1222] Compiling ArduCopter/afs_copter.cpp
[1159/1222] Compiling ArduCopter/GCS_Copter.cpp
[1160/1222] Compiling ArduCopter/mode_stabilize.cpp
[1161/1222] Compiling ArduCopter/mode_sport.cpp
[1162/1222] Compiling ArduCopter/mode_poshold.cpp
[1163/1222] Compiling ArduCopter/toy_mode.cpp
[1164/1222] Compiling ArduCopter/tuning.cpp
[1165/1222] Compiling ArduCopter/mode_brake.cpp
[1166/1222] Compiling ArduCopter/mode_systemid.cpp
[1167/1222] Compiling ArduCopter/failsafe.cpp
[1168/1222] Compiling ArduCopter/compassmot.cpp
[1169/1222] Compiling ArduCopter/esc_calibration.cpp
[1170/1222] Compiling ArduCopter/AP_Arming.cpp
[1171/1222] Compiling ArduCopter/mode_stabilize_heli.cpp
[1172/1222] Compiling ArduCopter/ekf_check.cpp
[1173/1222] Compiling ArduCopter/AP_Rally.cpp
[1174/1222] Compiling ArduCopter/navigation.cpp
[1175/1222] Compiling ArduCopter/inertia.cpp
[1176/1222] Compiling ArduCopter/mode.cpp
[1177/1222] Compiling ArduCopter/takeoff_check.cpp
[1178/1222] Compiling ArduCopter/mode_loiter.cpp
[1179/1222] Compiling ArduCopter/motors.cpp
[1180/1222] Compiling ArduCopter/mode_drift.cpp
[1181/1222] Compiling ArduCopter/mode_throw.cpp
[1182/1222] Compiling ArduCopter/mode_flip.cpp
[1183/1222] Compiling ArduCopter/UserCode.cpp
[1184/1222] Compiling ArduCopter/standby.cpp
[1185/1222] Compiling ArduCopter/events.cpp
[1186/1222] Compiling ArduCopter/motor_test.cpp
[1187/1222] Compiling ArduCopter/GCS_Mavlink.cpp
[1188/1222] Compiling ArduCopter/fence.cpp
[1189/1222] Compiling ArduCopter/system.cpp
[1190/1222] Compiling ArduCopter/mode_autotune.cpp
[1191/1222] Compiling ArduCopter/avoidance.cpp
[1192/1222] Compiling ArduCopter/rate_thread.cpp
[1193/1222] Compiling ArduCopter/surface_tracking.cpp
[1194/1222] Compiling ArduCopter/crash_check.cpp
[1195/1222] Compiling ArduCopter/autoyaw.cpp
[1196/1222] Compiling ArduCopter/mode_autorotate.cpp
[1197/1222] Compiling ArduCopter/terrain.cpp
[1198/1222] Compiling ArduCopter/UserParameters.cpp
[1199/1222] Compiling ArduCopter/Log.cpp
[1200/1222] Compiling ArduCopter/mode_acro_heli.cpp
[1201/1222] Compiling ArduCopter/mode_flowhold.cpp
[1202/1222] Compiling ArduCopter/commands.cpp
[1203/1222] Compiling ArduCopter/mode_auto.cpp
[1204/1222] Compiling ArduCopter/heli.cpp
[1205/1222] Compiling ArduCopter/mode_follow.cpp
[1206/1222] Compiling ArduCopter/precision_landing.cpp
[1207/1222] Compiling ArduCopter/mode_rtl.cpp
[1208/1222] Compiling ArduCopter/mode_acro.cpp
[1209/1222] Compiling ArduCopter/Parameters.cpp
[1210/1222] Compiling ArduCopter/landing_gear.cpp
[1211/1222] Compiling ArduCopter/avoidance_adsb.cpp
[1212/1222] Compiling ArduCopter/mode_avoid_adsb.cpp
[1213/1222] Compiling ArduCopter/mode_guided_nogps.cpp
[1214/1222] Compiling ArduCopter/land_detector.cpp
[1215/1222] Compiling ArduCopter/mode_turtle.cpp
[1216/1222] Linking build/ARK_FPV/bin/arducopter
/opt/gcc-arm-none-eabi-10-2020-q4-major/bin/../lib/gcc/arm-none-eabi/10.2.1/../../../../arm-none-eabi/bin/ld: ArduCopter/rate_thread.cpp.50.o: in function `Copter::rate_controller_filter_update()':
rate_thread.cpp:(.text._ZN6Copter29rate_controller_filter_updateEv+0x1e): undefined reference to `AP_InertialSensor::update_backend_filters()'
/opt/gcc-arm-none-eabi-10-2020-q4-major/bin/../lib/gcc/arm-none-eabi/10.2.1/../../../../arm-none-eabi/bin/ld: ArduCopter/rate_thread.cpp.50.o: in function `Copter::disable_fast_rate_loop()':
rate_thread.cpp:(.text._ZN6Copter22disable_fast_rate_loopEv+0x68): undefined reference to `AP_InertialSensor::disable_fast_rate_buffer()'
/opt/gcc-arm-none-eabi-10-2020-q4-major/bin/../lib/gcc/arm-none-eabi/10.2.1/../../../../arm-none-eabi/bin/ld: rate_thread.cpp:(.text._ZN6Copter22disable_fast_rate_loopEv+0x76): undefined reference to `AP_InertialSensor::disable_fast_rate_buffer()'
/opt/gcc-arm-none-eabi-10-2020-q4-major/bin/../lib/gcc/arm-none-eabi/10.2.1/../../../../arm-none-eabi/bin/ld: ArduCopter/rate_thread.cpp.50.o: in function `Copter::rate_controller_thread()':
rate_thread.cpp:(.text._ZN6Copter22rate_controller_threadEv+0x136): undefined reference to `AP_InertialSensor::set_rate_decimation(unsigned char)'
/opt/gcc-arm-none-eabi-10-2020-q4-major/bin/../lib/gcc/arm-none-eabi/10.2.1/../../../../arm-none-eabi/bin/ld: rate_thread.cpp:(.text._ZN6Copter22rate_controller_threadEv+0x14a): undefined reference to `AP_InertialSensor::get_next_gyro_sample(Vector3<float>&)'
/opt/gcc-arm-none-eabi-10-2020-q4-major/bin/../lib/gcc/arm-none-eabi/10.2.1/../../../../arm-none-eabi/bin/ld: rate_thread.cpp:(.text._ZN6Copter22rate_controller_threadEv+0x1be): undefined reference to `AP_InertialSensor::get_num_gyro_samples()'
/opt/gcc-arm-none-eabi-10-2020-q4-major/bin/../lib/gcc/arm-none-eabi/10.2.1/../../../../arm-none-eabi/bin/ld: rate_thread.cpp:(.text._ZN6Copter22rate_controller_threadEv+0x346): undefined reference to `AP_InertialSensor::enable_fast_rate_buffer()'
collect2: error: ld returned 1 exit status

Waf: Leaving directory `/home/robert/ardupilot/build/ARK_FPV'
Build failed
 -> task in 'bin/arducopter' failed (exit status 1): 
	{task 136852160378064: cxxprogram AP_Arming.cpp.50.o,AP_ExternalControl_Copter.cpp.50.o,AP_Rally.cpp.50.o,AP_State.cpp.50.o,Attitude.cpp.50.o,Copter.cpp.50.o,GCS_Copter.cpp.50.o,GCS_Mavlink.cpp.50.o,Log.cpp.50.o,Parameters.cpp.50.o,RC_Channel.cpp.50.o,UserCode.cpp.50.o,UserParameters.cpp.50.o,afs_copter.cpp.50.o,autoyaw.cpp.50.o,avoidance.cpp.50.o,avoidance_adsb.cpp.50.o,baro_ground_effect.cpp.50.o,commands.cpp.50.o,compassmot.cpp.50.o,crash_check.cpp.50.o,ekf_check.cpp.50.o,esc_calibration.cpp.50.o,events.cpp.50.o,failsafe.cpp.50.o,fence.cpp.50.o,heli.cpp.50.o,inertia.cpp.50.o,land_detector.cpp.50.o,landing_gear.cpp.50.o,mode.cpp.50.o,mode_acro.cpp.50.o,mode_acro_heli.cpp.50.o,mode_althold.cpp.50.o,mode_auto.cpp.50.o,mode_autorotate.cpp.50.o,mode_autotune.cpp.50.o,mode_avoid_adsb.cpp.50.o,mode_brake.cpp.50.o,mode_circle.cpp.50.o,mode_drift.cpp.50.o,mode_flip.cpp.50.o,mode_flowhold.cpp.50.o,mode_follow.cpp.50.o,mode_guided.cpp.50.o,mode_guided_nogps.cpp.50.o,mode_land.cpp.50.o,mode_loiter.cpp.50.o,mode_poshold.cpp.50.o,mode_rtl.cpp.50.o,mode_smart_rtl.cpp.50.o,mode_sport.cpp.50.o,mode_stabilize.cpp.50.o,mode_stabilize_heli.cpp.50.o,mode_systemid.cpp.50.o,mode_throw.cpp.50.o,mode_turtle.cpp.50.o,mode_zigzag.cpp.50.o,motor_test.cpp.50.o,motors.cpp.50.o,navigation.cpp.50.o,precision_landing.cpp.50.o,radio.cpp.50.o,rate_thread.cpp.50.o,sensors.cpp.50.o,standby.cpp.50.o,surface_tracking.cpp.50.o,system.cpp.50.o,takeoff.cpp.50.o,takeoff_check.cpp.50.o,terrain.cpp.50.o,toy_mode.cpp.50.o,tuning.cpp.50.o -> arducopter}
 (run with -v to display more information)
